 mp

 Timestamp is 637b1453 (Sun Nov 20 22:01:55 2022)

 Preferred load address is 10000000

 Start         Length     Name                   Class
 0001:00000000 00060e7cH .text                   CODE
 0001:00060e80 00000132H .text$x                 CODE
 0002:00000000 0000bad8H .rdata                  DATA
 0002:0000bad8 00000188H .xdata$x                DATA
 0002:0000bc60 00002d5cH .edata                  DATA
 0003:00000000 00000004H .CRT$XCA                DATA
 0003:00000004 00000014H .CRT$XCU                DATA
 0003:00000018 00000004H .CRT$XCZ                DATA
 0003:0000001c 00000004H .CRT$XIA                DATA
 0003:00000020 00000008H .CRT$XIC                DATA
 0003:00000028 00000004H .CRT$XIY                DATA
 0003:0000002c 00000004H .CRT$XIZ                DATA
 0003:00000030 00000004H .CRT$XPA                DATA
 0003:00000034 00000004H .CRT$XPX                DATA
 0003:00000038 00000004H .CRT$XPZ                DATA
 0003:0000003c 00000004H .CRT$XTA                DATA
 0003:00000040 00000004H .CRT$XTB                DATA
 0003:00000044 00000004H .CRT$XTZ                DATA
 0003:00000050 0000e574H .data                   DATA
 0003:0000e5c8 0000d238H .bss                    DATA
 0004:00000000 00000014H .idata$2                DATA
 0004:00000014 00000014H .idata$3                DATA
 0004:00000028 0000012cH .idata$4                DATA
 0004:00000154 0000012cH .idata$5                DATA
 0004:00000280 00000548H .idata$6                DATA

  Address         Publics by Value              Rva+Base     Lib:Object

 0001:00000000       _item_airtank              10001000 f   airtank.obj
 0001:00000010       ?Save@CAirtank@@EAEHAAVCSave@@@Z 10001010 f   airtank.obj
 0001:00000040       ?Restore@CAirtank@@EAEHAAVCRestore@@@Z 10001040 f   airtank.obj
 0001:00000070       ?Spawn@CAirtank@@EAEXXZ    10001070 f   airtank.obj
 0001:00000160       ?Precache@CAirtank@@EAEXXZ 10001160 f   airtank.obj
 0001:00000180       ?Killed@CAirtank@@EAEXPAUentvars_t@@H@Z 10001180 f   airtank.obj
 0001:000001e0       ?TankThink@CAirtank@@AAEXXZ 100011e0 f   airtank.obj
 0001:00000200       ?TankTouch@CAirtank@@AAEXPAVCBaseEntity@@@Z 10001200 f   airtank.obj
 0001:000002d0       ?GetClassPtr@@YAPAVCAirtank@@PAV1@@Z 100012d0 f i airtank.obj
 0001:00000330       ?BloodColor@CAirtank@@EAEHXZ 10001330 f i airtank.obj
 0001:00000340       ??0Vector@@QAE@MMM@Z       10001340 f i airtank.obj
 0001:00000360       ??0Vector@@QAE@ABV0@@Z     10001360 f i airtank.obj
 0001:00000380       ?ObjectCaps@CBaseEntity@@UAEHXZ 10001380 f i airtank.obj
 0001:00000390       ?Activate@CBaseEntity@@UAEXXZ 10001390 f i airtank.obj
 0001:000003a0       ?Classify@CBaseEntity@@UAEHXZ 100013a0 f i airtank.obj
 0001:000003b0       ?DeathNotice@CBaseEntity@@UAEXPAUentvars_t@@@Z 100013b0 f i airtank.obj
 0001:000003c0       ?IsTriggered@CBaseEntity@@UAEHPAV1@@Z 100013c0 f i airtank.obj
 0001:000003d0       ?MyMonsterPointer@CBaseEntity@@UAEPAVCBaseMonster@@XZ 100013d0 f i airtank.obj
 0001:000003e0       ?MySquadMonsterPointer@CBaseEntity@@UAEPAVCSquadMonster@@XZ 100013e0 f i airtank.obj
 0001:000003f0       ?AddPoints@CBaseEntity@@UAEXHH@Z 100013f0 f i airtank.obj
 0001:00000400       ?AddPointsToTeam@CBaseEntity@@UAEXHH@Z 10001400 f i airtank.obj
 0001:00000410       ?AddPlayerItem@CBaseEntity@@UAEHPAVCBasePlayerItem@@@Z 10001410 f i airtank.obj
 0001:00000420       ?RemovePlayerItem@CBaseEntity@@UAEHPAVCBasePlayerItem@@@Z 10001420 f i airtank.obj
 0001:00000430       ?GiveAmmo@CBaseEntity@@UAEHHPADH@Z 10001430 f i airtank.obj
 0001:00000440       ?IsMoving@CBaseEntity@@UAEHXZ 10001440 f i airtank.obj
 0001:00000490       ?OverrideReset@CBaseEntity@@UAEXXZ 10001490 f i airtank.obj
 0001:000004a0       ?SetToggleState@CBaseEntity@@UAEXH@Z 100014a0 f i airtank.obj
 0001:000004b0       ?StartSneaking@CBaseEntity@@UAEXXZ 100014b0 f i airtank.obj
 0001:000004c0       ?StopSneaking@CBaseEntity@@UAEXXZ 100014c0 f i airtank.obj
 0001:000004d0       ?OnControls@CBaseEntity@@UAEHPAUentvars_t@@@Z 100014d0 f i airtank.obj
 0001:000004e0       ?IsSneaking@CBaseEntity@@UAEHXZ 100014e0 f i airtank.obj
 0001:000004f0       ?IsBSPModel@CBaseEntity@@UAEHXZ 100014f0 f i airtank.obj
 0001:00000510       ?ReflectGauss@CBaseEntity@@UAEHXZ 10001510 f i airtank.obj
 0001:00000540       ?HasTarget@CBaseEntity@@UAEHH@Z 10001540 f i airtank.obj
 0001:000005b0       ?IsPlayer@CBaseEntity@@UAEHXZ 100015b0 f i airtank.obj
 0001:000005c0       ?IsNetClient@CBaseEntity@@UAEHXZ 100015c0 f i airtank.obj
 0001:000005d0       ?TeamID@CBaseEntity@@UAEPBDXZ 100015d0 f i airtank.obj
 0001:000005e0       ?Think@CBaseEntity@@UAEXXZ 100015e0 f i airtank.obj
 0001:000005f0       ?Touch@CBaseEntity@@UAEXPAV1@@Z 100015f0 f i airtank.obj
 0001:00000610       ?Use@CBaseEntity@@UAEXPAV1@0W4USE_TYPE@@M@Z 10001610 f i airtank.obj
 0001:00000630       ?Blocked@CBaseEntity@@UAEXPAV1@@Z 10001630 f i airtank.obj
 0001:00000650       ?SUB_CallUseToggle@CBaseEntity@@QAEXXZ 10001650 f i airtank.obj
 0001:00000660       ?Respawn@CBaseEntity@@UAEPAV1@XZ 10001660 f i airtank.obj
 0001:00000670       ?UpdateOwner@CBaseEntity@@UAEXXZ 10001670 f i airtank.obj
 0001:00000680       ?FBecomeProne@CBaseEntity@@UAEHXZ 10001680 f i airtank.obj
 0001:00000690       ?Center@CBaseEntity@@UAE?AVVector@@XZ 10001690 f i airtank.obj
 0001:00000700       ?EyePosition@CBaseEntity@@UAE?AVVector@@XZ 10001700 f i airtank.obj
 0001:00000740       ?EarPosition@CBaseEntity@@UAE?AVVector@@XZ 10001740 f i airtank.obj
 0001:00000780       ?BodyTarget@CBaseEntity@@UAE?AVVector@@ABV2@@Z 10001780 f i airtank.obj
 0001:000007b0       ?Illumination@CBaseEntity@@UAEHXZ 100017b0 f i airtank.obj
 0001:000007d0       ?HandleAnimEvent@CBaseAnimating@@UAEXPAUMonsterEvent_t@@@Z 100017d0 f i airtank.obj
 0001:000007e0       ?GetToggleState@CBaseToggle@@UAEHXZ 100017e0 f i airtank.obj
 0001:000007f0       ?GetDelay@CBaseToggle@@UAEMXZ 100017f0 f i airtank.obj
 0001:00000800       ?PainSound@CBaseMonster@@UAEXXZ 10001800 f i airtank.obj
 0001:00000810       ?IsAlive@CBaseMonster@@UAEHXZ 10001810 f i airtank.obj
 0001:00000830       ?Save@CBaseAnimating@@UAEHAAVCSave@@@Z 10001830 f   animating.obj
 0001:00000860       ?Restore@CBaseAnimating@@UAEHAAVCRestore@@@Z 10001860 f   animating.obj
 0001:00000890       ?StudioFrameAdvance@CBaseAnimating@@QAEMM@Z 10001890 f   animating.obj
 0001:000009c0       ?LookupActivity@CBaseAnimating@@QAEHH@Z 100019c0 f   animating.obj
 0001:000009f0       ?LookupActivityHeaviest@CBaseAnimating@@QAEHH@Z 100019f0 f   animating.obj
 0001:00000a20       ?LookupSequence@CBaseAnimating@@QAEHPBD@Z 10001a20 f   animating.obj
 0001:00000a50       ?ResetSequenceInfo@CBaseAnimating@@QAEXXZ 10001a50 f   animating.obj
 0001:00000ac0       ?GetSequenceFlags@CBaseAnimating@@QAEHXZ 10001ac0 f   animating.obj
 0001:00000af0       ?DispatchAnimEvents@CBaseAnimating@@QAEXM@Z 10001af0 f   animating.obj
 0001:00000c00       ?SetBoneController@CBaseAnimating@@QAEMHM@Z 10001c00 f   animating.obj
 0001:00000c30       ?InitBoneControllers@CBaseAnimating@@QAEXXZ 10001c30 f   animating.obj
 0001:00000c90       ?SetBlending@CBaseAnimating@@QAEMHM@Z 10001c90 f   animating.obj
 0001:00000cc0       ?GetBonePosition@CBaseAnimating@@QAEXHAAVVector@@0@Z 10001cc0 f   animating.obj
 0001:00000cf0       ?GetAttachment@CBaseAnimating@@QAEXHAAVVector@@0@Z 10001cf0 f   animating.obj
 0001:00000d20       ?FindTransition@CBaseAnimating@@QAEHHHPAH@Z 10001d20 f   animating.obj
 0001:00000d80       ?GetAutomovement@CBaseAnimating@@QAEXAAVVector@@0M@Z 10001d80 f   animating.obj
 0001:00000d90       ?SetBodygroup@CBaseAnimating@@QAEXHH@Z 10001d90 f   animating.obj
 0001:00000dc0       ?GetBodygroup@CBaseAnimating@@QAEHH@Z 10001dc0 f   animating.obj
 0001:00000df0       ?ExtractBbox@CBaseAnimating@@QAEHHPAM0@Z 10001df0 f   animating.obj
 0001:00000e20       ?SetSequenceBox@CBaseAnimating@@QAEXXZ 10001e20 f   animating.obj
 0001:00000fc0       ??_H@YGXPAXIHP6EX0@Z@Z     10001fc0 f i animating.obj
 0001:00000ff0       ?ExtractBbox@@YAHPAXHPAM1@Z 10001ff0 f   animation.obj
 0001:00001050       ?LookupActivity@@YAHPAXPAUentvars_t@@H@Z 10002050 f   animation.obj
 0001:000010d0       ?LookupActivityHeaviest@@YAHPAXPAUentvars_t@@H@Z 100020d0 f   animation.obj
 0001:00001120       ?GetEyePosition@@YAXPAXPAM@Z 10002120 f   animation.obj
 0001:00001150       ?LookupSequence@@YAHPAXPBD@Z 10002150 f   animation.obj
 0001:000011b0       ?IsSoundEvent@@YAHH@Z      100021b0 f   animation.obj
 0001:000011d0       ?SequencePrecache@@YAXPAXPBD@Z 100021d0 f   animation.obj
 0001:000012b0       ?GetSequenceInfo@@YAXPAXPAUentvars_t@@PAM2@Z 100022b0 f   animation.obj
 0001:00001370       ?GetSequenceFlags@@YAHPAXPAUentvars_t@@@Z 10002370 f   animation.obj
 0001:000013b0       ?GetAnimationEvent@@YAHPAXPAUentvars_t@@PAUMonsterEvent_t@@MMH@Z 100023b0 f   animation.obj
 0001:00001500       ?SetController@@YAMPAXPAUentvars_t@@HM@Z 10002500 f   animation.obj
 0001:00001670       ?SetBlending@@YAMPAXPAUentvars_t@@HM@Z 10002670 f   animation.obj
 0001:000017b0       ?FindTransition@@YAHPAXHHPAH@Z 100027b0 f   animation.obj
 0001:000018c0       ?SetBodygroup@@YAXPAXPAUentvars_t@@HH@Z 100028c0 f   animation.obj
 0001:00001920       ?GetBodygroup@@YAHPAXPAUentvars_t@@H@Z 10002920 f   animation.obj
 0001:00001980       ?VecBModelOrigin@@YA?AVVector@@PAUentvars_t@@@Z 10002980 f   bmodels.obj
 0001:000019f0       _func_wall                 100029f0 f   bmodels.obj
 0001:00001a00       ?Spawn@CFuncWall@@UAEXXZ   10002a00 f   bmodels.obj
 0001:00001a80       ?Use@CFuncWall@@UAEXPAVCBaseEntity@@0W4USE_TYPE@@M@Z 10002a80 f   bmodels.obj
 0001:00001ac0       _func_wall_toggle          10002ac0 f   bmodels.obj
 0001:00001ad0       ?Spawn@CFuncWallToggle@@UAEXXZ 10002ad0 f   bmodels.obj
 0001:00001af0       ?TurnOff@CFuncWallToggle@@QAEXXZ 10002af0 f   bmodels.obj
 0001:00001b20       ?TurnOn@CFuncWallToggle@@QAEXXZ 10002b20 f   bmodels.obj
 0001:00001b50       ?IsOn@CFuncWallToggle@@QAEHXZ 10002b50 f   bmodels.obj
 0001:00001b70       ?Use@CFuncWallToggle@@UAEXPAVCBaseEntity@@0W4USE_TYPE@@M@Z 10002b70 f   bmodels.obj
 0001:00001bb0       _func_conveyor             10002bb0 f   bmodels.obj
 0001:00001bc0       ?Spawn@CFuncConveyor@@UAEXXZ 10002bc0 f   bmodels.obj
 0001:00001c40       ?UpdateSpeed@CFuncConveyor@@QAEXM@Z 10002c40 f   bmodels.obj
 0001:00001cc0       ?Use@CFuncConveyor@@UAEXPAVCBaseEntity@@0W4USE_TYPE@@M@Z 10002cc0 f   bmodels.obj
 0001:00001cf0       _func_illusionary          10002cf0 f   bmodels.obj
 0001:00001d00       ?KeyValue@CFuncIllusionary@@UAEXPAUKeyValueData_s@@@Z 10002d00 f   bmodels.obj
 0001:00001d80       ?Spawn@CFuncIllusionary@@UAEXXZ 10002d80 f   bmodels.obj
 0001:00001de0       _func_monsterclip          10002de0 f   bmodels.obj
 0001:00001df0       ?Spawn@CFuncMonsterClip@@UAEXXZ 10002df0 f   bmodels.obj
 0001:00001e30       ?Save@CFuncRotating@@UAEHAAVCSave@@@Z 10002e30 f   bmodels.obj
 0001:00001e60       ?Restore@CFuncRotating@@UAEHAAVCRestore@@@Z 10002e60 f   bmodels.obj
 0001:00001e90       _func_rotating             10002e90 f   bmodels.obj
 0001:00001ea0       ?KeyValue@CFuncRotating@@UAEXPAUKeyValueData_s@@@Z 10002ea0 f   bmodels.obj
 0001:000020b0       ?Spawn@CFuncRotating@@UAEXXZ 100030b0 f   bmodels.obj
 0001:000022f0       ?Precache@CFuncRotating@@UAEXXZ 100032f0 f   bmodels.obj
 0001:00002480       ?HurtTouch@CFuncRotating@@QAEXPAVCBaseEntity@@@Z 10003480 f   bmodels.obj
 0001:000025e0       ?RampPitchVol@CFuncRotating@@QAEXH@Z 100035e0 f   bmodels.obj
 0001:000026e0       ?SpinUp@CFuncRotating@@QAEXXZ 100036e0 f   bmodels.obj
 0001:000028a0       ?SpinDown@CFuncRotating@@QAEXXZ 100038a0 f   bmodels.obj
 0001:00002a70       ?Rotate@CFuncRotating@@QAEXXZ 10003a70 f   bmodels.obj
 0001:00002a90       ?RotatingUse@CFuncRotating@@QAEXPAVCBaseEntity@@0W4USE_TYPE@@M@Z 10003a90 f   bmodels.obj
 0001:00002c10       ?Blocked@CFuncRotating@@UAEXPAVCBaseEntity@@@Z 10003c10 f   bmodels.obj
 0001:00002c30       _func_pendulum             10003c30 f   bmodels.obj
 0001:00002c40       ?Save@CPendulum@@UAEHAAVCSave@@@Z 10003c40 f   bmodels.obj
 0001:00002c70       ?Restore@CPendulum@@UAEHAAVCRestore@@@Z 10003c70 f   bmodels.obj
 0001:00002ca0       ?KeyValue@CPendulum@@UAEXPAUKeyValueData_s@@@Z 10003ca0 f   bmodels.obj
 0001:00002d70       ?Spawn@CPendulum@@UAEXXZ   10003d70 f   bmodels.obj
 0001:00002f10       ?PendulumUse@CPendulum@@QAEXPAVCBaseEntity@@0W4USE_TYPE@@M@Z 10003f10 f   bmodels.obj
 0001:00003020       ?Stop@CPendulum@@QAEXXZ    10004020 f   bmodels.obj
 0001:00003070       ?Blocked@CPendulum@@UAEXPAVCBaseEntity@@@Z 10004070 f   bmodels.obj
 0001:00003080       ?Swing@CPendulum@@QAEXXZ   10004080 f   bmodels.obj
 0001:00003250       ?Touch@CPendulum@@UAEXPAVCBaseEntity@@@Z 10004250 f   bmodels.obj
 0001:000033b0       ?RopeTouch@CPendulum@@QAEXPAVCBaseEntity@@@Z 100043b0 f   bmodels.obj
 0001:00003430       ?GetClassPtr@@YAPAVCFuncWall@@PAV1@@Z 10004430 f i bmodels.obj
 0001:00003480       ?ObjectCaps@CFuncWall@@UAEHXZ 10004480 f i bmodels.obj
 0001:00003490       ?Precache@CBaseEntity@@UAEXXZ 10004490 f i bmodels.obj
 0001:000034a0       ?KeyValue@CBaseEntity@@UAEXPAUKeyValueData_s@@@Z 100044a0 f i bmodels.obj
 0001:000034b0       ?BloodColor@CBaseEntity@@UAEHXZ 100044b0 f i bmodels.obj
 0001:000034c0       ?GetToggleState@CBaseEntity@@UAEHXZ 100044c0 f i bmodels.obj
 0001:000034d0       ?GetDelay@CBaseEntity@@UAEMXZ 100044d0 f i bmodels.obj
 0001:000034e0       ?IsAlive@CBaseEntity@@UAEHXZ 100044e0 f i bmodels.obj
 0001:00003510       ?GetClassPtr@@YAPAVCFuncWallToggle@@PAV1@@Z 10004510 f i bmodels.obj
 0001:00003560       ?GetClassPtr@@YAPAVCFuncConveyor@@PAV1@@Z 10004560 f i bmodels.obj
 0001:000035b0       ?GetClassPtr@@YAPAVCFuncIllusionary@@PAV1@@Z 100045b0 f i bmodels.obj
 0001:00003610       ?ObjectCaps@CFuncIllusionary@@UAEHXZ 10004610 f i bmodels.obj
 0001:00003620       ?GetClassPtr@@YAPAVCFuncMonsterClip@@PAV1@@Z 10004620 f i bmodels.obj
 0001:00003670       ?Use@CFuncMonsterClip@@UAEXPAVCBaseEntity@@0W4USE_TYPE@@M@Z 10004670 f i bmodels.obj
 0001:00003680       ?GetClassPtr@@YAPAVCFuncRotating@@PAV1@@Z 10004680 f i bmodels.obj
 0001:000036d0       ?ObjectCaps@CFuncRotating@@UAEHXZ 100046d0 f i bmodels.obj
 0001:000036e0       ?GetClassPtr@@YAPAVCPendulum@@PAV1@@Z 100046e0 f i bmodels.obj
 0001:00003730       ?ObjectCaps@CPendulum@@UAEHXZ 10004730 f i bmodels.obj
 0001:00003740       ?Save@CEnvGlobal@@UAEHAAVCSave@@@Z 10004740 f   buttons.obj
 0001:00003770       ?Restore@CEnvGlobal@@UAEHAAVCRestore@@@Z 10004770 f   buttons.obj
 0001:000037a0       _env_global                100047a0 f   buttons.obj
 0001:000037b0       ?KeyValue@CEnvGlobal@@UAEXPAUKeyValueData_s@@@Z 100047b0 f   buttons.obj
 0001:000038c0       ?Spawn@CEnvGlobal@@UAEXXZ  100048c0 f   buttons.obj
 0001:00003920       ?Use@CEnvGlobal@@UAEXPAVCBaseEntity@@0W4USE_TYPE@@M@Z 10004920 f   buttons.obj
 0001:000039a0       ?Save@CMultiSource@@UAEHAAVCSave@@@Z 100049a0 f   buttons.obj
 0001:000039d0       ?Restore@CMultiSource@@UAEHAAVCRestore@@@Z 100049d0 f   buttons.obj
 0001:00003a00       _multisource               10004a00 f   buttons.obj
 0001:00003a10       ?KeyValue@CMultiSource@@UAEXPAUKeyValueData_s@@@Z 10004a10 f   buttons.obj
 0001:00003bd0       ?Spawn@CMultiSource@@UAEXXZ 10004bd0 f   buttons.obj
 0001:00003c20       ?Use@CMultiSource@@UAEXPAVCBaseEntity@@0W4USE_TYPE@@M@Z 10004c20 f   buttons.obj
 0001:00003d00       ?IsTriggered@CMultiSource@@UAEHPAVCBaseEntity@@@Z 10004d00 f   buttons.obj
 0001:00003d60       ?Register@CMultiSource@@QAEXXZ 10004d60 f   buttons.obj
 0001:00003e90       ?Save@CBaseButton@@UAEHAAVCSave@@@Z 10004e90 f   buttons.obj
 0001:00003ec0       ?Restore@CBaseButton@@UAEHAAVCRestore@@@Z 10004ec0 f   buttons.obj
 0001:00003ef0       ?Precache@CBaseButton@@UAEXXZ 10004ef0 f   buttons.obj
 0001:000041b0       ?KeyValue@CBaseButton@@UAEXPAUKeyValueData_s@@@Z 100051b0 f   buttons.obj
 0001:000043e0       ?TakeDamage@CBaseButton@@UAEHPAUentvars_t@@0MH@Z 100053e0 f   buttons.obj
 0001:000044c0       _func_button               100054c0 f   buttons.obj
 0001:000044d0       ?Spawn@CBaseButton@@UAEXXZ 100054d0 f   buttons.obj
 0001:00004740       ?ButtonSound@@YAPADH@Z     10005740 f   buttons.obj
 0001:00004830       ?DoSpark@@YAXPAUentvars_t@@ABVVector@@@Z 10005830 f   buttons.obj
 0001:00004a10       ?ButtonSpark@CBaseButton@@QAEXXZ 10005a10 f   buttons.obj
 0001:00004a60       ?ButtonUse@CBaseButton@@QAEXPAVCBaseEntity@@0W4USE_TYPE@@M@Z 10005a60 f   buttons.obj
 0001:00004af0       ?ButtonResponseToTouch@CBaseButton@@QAE?AW4BUTTON_CODE@1@XZ 10005af0 f   buttons.obj
 0001:00004b50       ?ButtonTouch@CBaseButton@@QAEXPAVCBaseEntity@@@Z 10005b50 f   buttons.obj
 0001:00004c70       ?ButtonActivate@CBaseButton@@QAEXXZ 10005c70 f   buttons.obj
 0001:00004d50       ?TriggerAndWait@CBaseButton@@QAEXXZ 10005d50 f   buttons.obj
 0001:00004df0       ?ButtonReturn@CBaseButton@@QAEXXZ 10005df0 f   buttons.obj
 0001:00004e70       ?ButtonBackHome@CBaseButton@@QAEXXZ 10005e70 f   buttons.obj
 0001:00004fc0       _func_rot_button           10005fc0 f   buttons.obj
 0001:00004fd0       ?Spawn@CRotButton@@UAEXXZ  10005fd0 f   buttons.obj
 0001:000051e0       ?Save@CMomentaryRotButton@@UAEHAAVCSave@@@Z 100061e0 f   buttons.obj
 0001:00005210       ?Restore@CMomentaryRotButton@@UAEHAAVCRestore@@@Z 10006210 f   buttons.obj
 0001:00005240       _momentary_rot_button      10006240 f   buttons.obj
 0001:00005250       ?Spawn@CMomentaryRotButton@@UAEXXZ 10006250 f   buttons.obj
 0001:00005450       ?KeyValue@CMomentaryRotButton@@UAEXPAUKeyValueData_s@@@Z 10006450 f   buttons.obj
 0001:00005520       ?PlaySound@CMomentaryRotButton@@QAEXXZ 10006520 f   buttons.obj
 0001:00005560       ?Use@CMomentaryRotButton@@UAEXPAVCBaseEntity@@0W4USE_TYPE@@M@Z 10006560 f   buttons.obj
 0001:000055c0       ?UpdateAllButtons@CMomentaryRotButton@@QAEXMH@Z 100065c0 f   buttons.obj
 0001:00005680       ?UpdateSelf@CMomentaryRotButton@@QAEXM@Z 10006680 f   buttons.obj
 0001:00005800       ?UpdateTarget@CMomentaryRotButton@@QAEXM@Z 10006800 f   buttons.obj
 0001:00005880       ?Off@CMomentaryRotButton@@QAEXXZ 10006880 f   buttons.obj
 0001:00005900       ?Return@CMomentaryRotButton@@QAEXXZ 10006900 f   buttons.obj
 0001:00005960       ?UpdateSelfReturn@CMomentaryRotButton@@QAEXM@Z 10006960 f   buttons.obj
 0001:00005a40       ?Save@CEnvSpark@@UAEHAAVCSave@@@Z 10006a40 f   buttons.obj
 0001:00005a70       ?Restore@CEnvSpark@@UAEHAAVCRestore@@@Z 10006a70 f   buttons.obj
 0001:00005aa0       _env_spark                 10006aa0 f   buttons.obj
 0001:00005ab0       _env_debris                10006ab0 f   buttons.obj
 0001:00005ac0       ?Spawn@CEnvSpark@@UAEXXZ   10006ac0 f   buttons.obj
 0001:00005b50       ?Precache@CEnvSpark@@UAEXXZ 10006b50 f   buttons.obj
 0001:00005ba0       ?KeyValue@CEnvSpark@@UAEXPAUKeyValueData_s@@@Z 10006ba0 f   buttons.obj
 0001:00005d60       ?SparkThink@CEnvSpark@@QAEXXZ 10006d60 f   buttons.obj
 0001:00005da0       ?SparkStart@CEnvSpark@@QAEXPAVCBaseEntity@@0W4USE_TYPE@@M@Z 10006da0 f   buttons.obj
 0001:00005de0       ?SparkStop@CEnvSpark@@QAEXPAVCBaseEntity@@0W4USE_TYPE@@M@Z 10006de0 f   buttons.obj
 0001:00005e00       _button_target             10006e00 f   buttons.obj
 0001:00005e10       ?Spawn@CButtonTarget@@UAEXXZ 10006e10 f   buttons.obj
 0001:00005e80       ?Use@CButtonTarget@@UAEXPAVCBaseEntity@@0W4USE_TYPE@@M@Z 10006e80 f   buttons.obj
 0001:00005f00       ?ObjectCaps@CButtonTarget@@UAEHXZ 10006f00 f   buttons.obj
 0001:00005f20       ?TakeDamage@CButtonTarget@@UAEHPAUentvars_t@@0MH@Z 10006f20 f   buttons.obj
 0001:00005f70       ?GetClassPtr@@YAPAVCEnvGlobal@@PAV1@@Z 10006f70 f i buttons.obj
 0001:00005fc0       ?ObjectCaps@CPointEntity@@UAEHXZ 10006fc0 f i buttons.obj
 0001:00005fd0       ?GetClassPtr@@YAPAVCMultiSource@@PAV1@@Z 10006fd0 f i buttons.obj
 0001:00006030       ?ObjectCaps@CMultiSource@@UAEHXZ 10007030 f i buttons.obj
 0001:00006040       ?GetClassPtr@@YAPAVCBaseButton@@PAV1@@Z 10007040 f i buttons.obj
 0001:000060a0       ?ObjectCaps@CBaseButton@@UAEHXZ 100070a0 f i buttons.obj
 0001:000060c0       ?GetClassPtr@@YAPAVCRotButton@@PAV1@@Z 100070c0 f i buttons.obj
 0001:00006120       ?GetClassPtr@@YAPAVCMomentaryRotButton@@PAV1@@Z 10007120 f i buttons.obj
 0001:00006180       ?ObjectCaps@CMomentaryRotButton@@UAEHXZ 10007180 f i buttons.obj
 0001:000061a0       ?GetClassPtr@@YAPAVCEnvSpark@@PAV1@@Z 100071a0 f i buttons.obj
 0001:000061f0       ?GetClassPtr@@YAPAVCButtonTarget@@PAV1@@Z 100071f0 f i buttons.obj
 0001:00006240       _GetEntityAPI              10007240 f   cbase.obj
 0001:00006270       ?DispatchSpawn@@YAHPAUedict_s@@@Z 10007270 f   cbase.obj
 0001:00006430       ?DispatchKeyValue@@YAXPAUedict_s@@PAUKeyValueData_s@@@Z 10007430 f   cbase.obj
 0001:00006480       ?DispatchTouch@@YAXPAUedict_s@@0@Z 10007480 f   cbase.obj
 0001:000064e0       ?DispatchUse@@YAXPAUedict_s@@0@Z 100074e0 f   cbase.obj
 0001:00006530       ?DispatchThink@@YAXPAUedict_s@@@Z 10007530 f   cbase.obj
 0001:00006580       ?DispatchBlocked@@YAXPAUedict_s@@0@Z 10007580 f   cbase.obj
 0001:000065c0       ?DispatchSave@@YAXPAUedict_s@@PAUsaverestore_s@@@Z 100075c0 f   cbase.obj
 0001:000066c0       ??1CSave@@QAE@XZ           100076c0 f i cbase.obj
 0001:000066d0       ?FindGlobalEntity@@YAPAVCBaseEntity@@HH@Z 100076d0 f   cbase.obj
 0001:00006780       ?DispatchRestore@@YAHPAUedict_s@@PAUsaverestore_s@@H@Z 10007780 f   cbase.obj
 0001:00006b10       ??1CRestore@@QAE@XZ        10007b10 f i cbase.obj
 0001:00006b20       ?DispatchObjectCollsionBox@@YAXPAUedict_s@@@Z 10007b20 f   cbase.obj
 0001:00006b50       ?SaveWriteFields@@YAXPAUsaverestore_s@@PBDPAXPAUTYPEDESCRIPTION@@H@Z 10007b50 f   cbase.obj
 0001:00006bc0       ?SaveReadFields@@YAXPAUsaverestore_s@@PBDPAXPAUTYPEDESCRIPTION@@H@Z 10007bc0 f   cbase.obj
 0001:00006c40       ?Get@EHANDLE@@QAEPAUedict_s@@XZ 10007c40 f   cbase.obj
 0001:00006c60       ?Set@EHANDLE@@QAEPAUedict_s@@PAU2@@Z 10007c60 f   cbase.obj
 0001:00006c80       ??BEHANDLE@@QAEPAVCBaseEntity@@XZ 10007c80 f   cbase.obj
 0001:00006ca0       ??4EHANDLE@@QAEPAVCBaseEntity@@PAV1@@Z 10007ca0 f   cbase.obj
 0001:00006cd0       ??BEHANDLE@@QAEHXZ         10007cd0 f   cbase.obj
 0001:00006ce0       ??CEHANDLE@@QAEPAVCBaseEntity@@XZ 10007ce0 f   cbase.obj
 0001:00006d00       ?TakeHealth@CBaseEntity@@UAEHMH@Z 10007d00 f   cbase.obj
 0001:00006d70       ?TakeDamage@CBaseEntity@@UAEHPAUentvars_t@@0MH@Z 10007d70 f   cbase.obj
 0001:00007120       ??HVector@@QBE?AV0@ABV0@@Z 10008120 f i cbase.obj
 0001:00007160       ??DVector@@QBE?AV0@M@Z     10008160 f i cbase.obj
 0001:000071a0       ?Length@Vector@@QBEMXZ     100081a0 f i cbase.obj
 0001:000071d0       ?Killed@CBaseEntity@@UAEXPAUentvars_t@@H@Z 100081d0 f   cbase.obj
 0001:00007200       ?GetNextTarget@CBaseEntity@@UAEPAV1@XZ 10008200 f   cbase.obj
 0001:00007260       ?Save@CBaseEntity@@UAEHAAVCSave@@@Z 10008260 f   cbase.obj
 0001:000072a0       ?Restore@CBaseEntity@@UAEHAAVCRestore@@@Z 100082a0 f   cbase.obj
 0001:00007560       ?SetObjectCollisionBox@CBaseEntity@@UAEXXZ 10008560 f   cbase.obj
 0001:00007570       ?Intersects@CBaseEntity@@QAEHPAV1@@Z 10008570 f   cbase.obj
 0001:00007600       ?MakeDormant@CBaseEntity@@QAEXXZ 10008600 f   cbase.obj
 0001:00007660       ?IsDormant@CBaseEntity@@QAEHXZ 10008660 f   cbase.obj
 0001:00007670       ?IsInWorld@CBaseEntity@@UAEHXZ 10008670 f   cbase.obj
 0001:00007760       ?ShouldToggle@CBaseEntity@@QAEHW4USE_TYPE@@H@Z 10008760 f   cbase.obj
 0001:00007790       ?DamageDecal@CBaseEntity@@UAEHH@Z 10008790 f   cbase.obj
 0001:000077c0       ?Create@CBaseEntity@@SAPAV1@PADABVVector@@1PAUedict_s@@@Z 100087c0 f   cbase.obj
 0001:00007860       ?set_suicide_frame@@YAXPAUentvars_t@@@Z 10008860 f   client.obj
 0001:000078e0       ?ClientConnect@@YAHPAUedict_s@@PBD1QAD@Z 100088e0 f   client.obj
 0001:00007900       ?ClientDisconnect@@YAXPAUedict_s@@@Z 10008900 f   client.obj
 0001:000079d0       ?respawn@@YAXPAUentvars_t@@H@Z 100089d0 f   client.obj
 0001:00007a30       ?ClientKill@@YAXPAUedict_s@@@Z 10008a30 f   client.obj
 0001:00007aa0       ?ClientPutInServer@@YAXPAUedict_s@@@Z 10008aa0 f   client.obj
 0001:00007ad0       ?Host_Say@@YAXPAUedict_s@@H@Z 10008ad0 f   client.obj
 0001:00007de0       ?ClientCommand@@YAXPAUedict_s@@@Z 10008de0 f   client.obj
 0001:00008100       ?ClientUserInfoChanged@@YAXPAUedict_s@@PAD@Z 10009100 f   client.obj
 0001:00008280       ?ServerActivate@@YAXPAUedict_s@@HH@Z 10009280 f   client.obj
 0001:00008320       ?PlayerPreThink@@YAXPAUedict_s@@@Z 10009320 f   client.obj
 0001:00008340       ?PlayerPostThink@@YAXPAUedict_s@@@Z 10009340 f   client.obj
 0001:00008360       ?ParmsNewLevel@@YAXXZ      10009360 f   client.obj
 0001:00008370       ?ParmsChangeLevel@@YAXXZ   10009370 f   client.obj
 0001:000083a0       ?StartFrame@@YAXXZ         100093a0 f   client.obj
 0001:000083f0       ?ClientPrecache@@YAXXZ     100093f0 f   client.obj
 0001:00008770       ?GetGameDescription@@YAPBDXZ 10009770 f   client.obj
 0001:00008790       ?PlayerCustomization@@YAXPAUedict_s@@PAUcustomization_s@@@Z 10009790 f   client.obj
 0001:00008800       ?SpectatorConnect@@YAXPAUedict_s@@@Z 10009800 f   client.obj
 0001:00008820       ?SpectatorDisconnect@@YAXPAUedict_s@@@Z 10009820 f   client.obj
 0001:00008840       ?SpectatorThink@@YAXPAUedict_s@@@Z 10009840 f   client.obj
 0001:00008860       ?GetClassPtr@@YAPAVCBasePlayer@@PAV1@@Z 10009860 f i client.obj
 0001:000088c0       ?BodyTarget@CBasePlayer@@UAE?AVVector@@ABV2@@Z 100098c0 f i client.obj
 0001:00008940       ?StartSneaking@CBasePlayer@@UAEXXZ 10009940 f i client.obj
 0001:00008960       ?StopSneaking@CBasePlayer@@UAEXXZ 10009960 f i client.obj
 0001:00008980       ?IsSneaking@CBasePlayer@@UAEHXZ 10009980 f i client.obj
 0001:000089a0       ?IsAlive@CBasePlayer@@UAEHXZ 100099a0 f i client.obj
 0001:000089d0       ?ShouldFadeOnDeath@CBasePlayer@@UAEHXZ 100099d0 f i client.obj
 0001:000089e0       ?IsPlayer@CBasePlayer@@UAEHXZ 100099e0 f i client.obj
 0001:000089f0       ?IsNetClient@CBasePlayer@@UAEHXZ 100099f0 f i client.obj
 0001:00008a00       ?ObjectCaps@CBasePlayer@@UAEHXZ 10009a00 f i client.obj
 0001:00008a10       ?LimitVelocity@CGib@@QAEXXZ 10009a10 f   combat.obj
 0001:00008b10       ?SpawnStickyGibs@CGib@@SAXPAUentvars_t@@VVector@@H@Z 10009b10 f   combat.obj
 0001:00008ef0       ?SpawnHeadGib@CGib@@SAXPAUentvars_t@@@Z 10009ef0 f   combat.obj
 0001:00009330       ?SpawnRandomGibs@CGib@@SAXPAUentvars_t@@HH@Z 1000a330 f   combat.obj
 0001:00009730       ?HasHumanGibs@CBaseMonster@@UAEHXZ 1000a730 f   combat.obj
 0001:00009760       ?HasAlienGibs@CBaseMonster@@UAEHXZ 1000a760 f   combat.obj
 0001:00009790       ?FadeMonster@CBaseMonster@@UAEXXZ 1000a790 f   combat.obj
 0001:00009810       ?GibMonster@CBaseMonster@@UAEXXZ 1000a810 f   combat.obj
 0001:00009900       ?GetDeathActivity@CBaseMonster@@UAE?AW4Activity@@XZ 1000a900 f   combat.obj
 0001:00009bc0       ?GetSmallFlinchActivity@CBaseMonster@@QAE?AW4Activity@@XZ 1000abc0 f   combat.obj
 0001:00009c50       ?BecomeDead@CBaseMonster@@UAEXXZ 1000ac50 f   combat.obj
 0001:00009c90       ?ShouldGibMonster@CBaseMonster@@QAEHH@Z 1000ac90 f   combat.obj
 0001:00009cc0       ?CallGibMonster@CBaseMonster@@QAEXXZ 1000acc0 f   combat.obj
 0001:00009db0       ?Killed@CBaseMonster@@UAEXPAUentvars_t@@H@Z 1000adb0 f   combat.obj
 0001:00009ec0       ?SUB_StartFadeOut@CBaseEntity@@QAEXXZ 1000aec0 f   combat.obj
 0001:00009f30       ?SUB_FadeOut@CBaseEntity@@QAEXXZ 1000af30 f   combat.obj
 0001:00009fa0       ?WaitTillLand@CGib@@QAEXXZ 1000afa0 f   combat.obj
 0001:0000a040       ?BounceGibTouch@CGib@@QAEXPAVCBaseEntity@@@Z 1000b040 f   combat.obj
 0001:0000a200       ?StickyGibTouch@CGib@@QAEXPAVCBaseEntity@@@Z 1000b200 f   combat.obj
 0001:0000a3e0       ?Spawn@CGib@@QAEXPBD@Z     1000b3e0 f   combat.obj
 0001:0000a4f0       ?TakeHealth@CBaseMonster@@UAEHMH@Z 1000b4f0 f   combat.obj
 0001:0000a540       ?TakeDamage@CBaseMonster@@UAEHPAUentvars_t@@0MH@Z 1000b540 f   combat.obj
 0001:0000ab30       ?DeadTakeDamage@CBaseMonster@@QAEHPAUentvars_t@@0MH@Z 1000bb30 f   combat.obj
 0001:0000ad50       ?DamageForce@CBaseMonster@@QAEMM@Z 1000bd50 f   combat.obj
 0001:0000ad90       ?RadiusDamage@@YAXVVector@@PAUentvars_t@@1MMHH@Z 1000bd90 f   combat.obj
 0001:0000b050       ??GVector@@QBE?AV0@ABV0@@Z 1000c050 f i combat.obj
 0001:0000b090       ?Normalize@Vector@@QBE?AV1@XZ 1000c090 f i combat.obj
 0001:0000b120       ?RadiusDamage@CBaseMonster@@QAEXPAUentvars_t@@0MHH@Z 1000c120 f   combat.obj
 0001:0000b170       ?RadiusDamage@CBaseMonster@@QAEXVVector@@PAUentvars_t@@1MHH@Z 1000c170 f   combat.obj
 0001:0000b1c0       ?CheckTraceHullAttack@CBaseMonster@@QAEPAVCBaseEntity@@MHH@Z 1000c1c0 f   combat.obj
 0001:0000b2e0       ?FInViewCone@CBaseMonster@@UAEHPAVCBaseEntity@@@Z 1000c2e0 f   combat.obj
 0001:0000b3c0       ?FInViewCone@CBaseMonster@@UAEHPAVVector@@@Z 1000c3c0 f   combat.obj
 0001:0000b4a0       ?FVisible@CBaseEntity@@UAEHPAV1@@Z 1000c4a0 f   combat.obj
 0001:0000b5c0       ?FVisible@CBaseEntity@@UAEHABVVector@@@Z 1000c5c0 f   combat.obj
 0001:0000b640       ?TraceAttack@CBaseEntity@@UAEXPAUentvars_t@@MVVector@@PAUTraceResult@@H@Z 1000c640 f   combat.obj
 0001:0000b720       ?TraceAttack@CBaseMonster@@UAEXPAUentvars_t@@MVVector@@PAUTraceResult@@H@Z 1000c720 f   combat.obj
 0001:0000b810       ?FireBullets@CBaseEntity@@QAEXKVVector@@00MHHHPAUentvars_t@@@Z 1000c810 f   combat.obj
 0001:0000c250       ?TraceBleed@CBaseEntity@@UAEXMVVector@@PAUTraceResult@@H@Z 1000d250 f   combat.obj
 0001:0000c450       ?MakeDamageBloodDecal@CBaseMonster@@QAEXHMPAUTraceResult@@ABVVector@@@Z 1000d450 f   combat.obj
 0001:0000c5c0       ?GetClassPtr@@YAPAVCGib@@PAV1@@Z 1000d5c0 f i combat.obj
 0001:0000c610       ?Spawn@CBaseEntity@@UAEXXZ 1000d610 f i combat.obj
 0001:0000c620       ?ObjectCaps@CGib@@UAEHXZ   1000d620 f i combat.obj
 0001:0000c630       _crossbow_bolt             1000d630 f   crossbow.obj
 0001:0000c640       ?BoltCreate@CCrossbowBolt@@SAPAV1@XZ 1000d640 f   crossbow.obj
 0001:0000c670       ?Spawn@CCrossbowBolt@@EAEXXZ 1000d670 f   crossbow.obj
 0001:0000c740       ?Precache@CCrossbowBolt@@EAEXXZ 1000d740 f   crossbow.obj
 0001:0000c7a0       ?Classify@CCrossbowBolt@@EAEHXZ 1000d7a0 f   crossbow.obj
 0001:0000c7b0       ?BoltTouch@CCrossbowBolt@@AAEXPAVCBaseEntity@@@Z 1000d7b0 f   crossbow.obj
 0001:0000cc40       ?BubbleThink@CCrossbowBolt@@AAEXXZ 1000dc40 f   crossbow.obj
 0001:0000ccc0       ?ExplodeThink@CCrossbowBolt@@AAEXXZ 1000dcc0 f   crossbow.obj
 0001:0000cdc0       _weapon_crossbow           1000ddc0 f   crossbow.obj
 0001:0000cdd0       ?Spawn@CCrossbow@@UAEXXZ   1000ddd0 f   crossbow.obj
 0001:0000ce10       ?AddToPlayer@CCrossbow@@UAEHPAVCBasePlayer@@@Z 1000de10 f   crossbow.obj
 0001:0000ce70       ?Precache@CCrossbow@@UAEXXZ 1000de70 f   crossbow.obj
 0001:0000cec0       ?GetItemInfo@CCrossbow@@UAEHPAUItemInfo@@@Z 1000dec0 f   crossbow.obj
 0001:0000cf30       ?Deploy@CCrossbow@@UAEHXZ  1000df30 f   crossbow.obj
 0001:0000cf60       ?Holster@CCrossbow@@UAEXXZ 1000df60 f   crossbow.obj
 0001:0000cfc0       ?PrimaryAttack@CCrossbow@@UAEXXZ 1000dfc0 f   crossbow.obj
 0001:0000cff0       ?FireSniperBolt@CCrossbow@@QAEXXZ 1000dff0 f   crossbow.obj
 0001:0000d500       ?FireBolt@CCrossbow@@QAEXXZ 1000e500 f   crossbow.obj
 0001:0000d870       ?SecondaryAttack@CCrossbow@@UAEXXZ 1000e870 f   crossbow.obj
 0001:0000d8d0       ?Reload@CCrossbow@@UAEXXZ  1000e8d0 f   crossbow.obj
 0001:0000d950       ?WeaponIdle@CCrossbow@@UAEXXZ 1000e950 f   crossbow.obj
 0001:0000da30       _ammo_crossbow             1000ea30 f   crossbow.obj
 0001:0000da40       ?GetClassPtr@@YAPAVCCrossbowBolt@@PAV1@@Z 1000ea40 f i crossbow.obj
 0001:0000da90       ?GetClassPtr@@YAPAVCCrossbow@@PAV1@@Z 1000ea90 f i crossbow.obj
 0001:0000dae0       ?iItemSlot@CCrossbow@@UAEHXZ 1000eae0 f i crossbow.obj
 0001:0000daf0       ?GetClassPtr@@YAPAVCCrossbowAmmo@@PAV1@@Z 1000eaf0 f i crossbow.obj
 0001:0000db40       ?Spawn@CCrossbowAmmo@@EAEXXZ 1000eb40 f i crossbow.obj
 0001:0000db70       ?Precache@CCrossbowAmmo@@EAEXXZ 1000eb70 f i crossbow.obj
 0001:0000db90       ?AddAmmo@CCrossbowAmmo@@EAEHPAVCBaseEntity@@@Z 1000eb90 f i crossbow.obj
 0001:0000dbe0       ?Instance@CBaseEntity@@SAPAV1@PAUedict_s@@@Z 1000ebe0 f i crossbow.obj
 0001:0000dc00       ?CanHolster@CBasePlayerItem@@UAEHXZ 1000ec00 f i crossbow.obj
 0001:0000dc10       ?ItemPreFrame@CBasePlayerItem@@UAEXXZ 1000ec10 f i crossbow.obj
 0001:0000dc20       ?AddWeapon@CBasePlayerWeapon@@UAEHXZ 1000ec20 f i crossbow.obj
 0001:0000dc30       ?UpdateItemInfo@CBasePlayerWeapon@@UAEXXZ 1000ec30 f i crossbow.obj
 0001:0000dc40       ?ShouldWeaponIdle@CBasePlayerWeapon@@UAEHXZ 1000ec40 f i crossbow.obj
 0001:0000dc50       _weapon_crowbar            1000ec50 f   crowbar.obj
 0001:0000dc60       ?Spawn@CCrowbar@@UAEXXZ    1000ec60 f   crowbar.obj
 0001:0000dca0       ?Precache@CCrowbar@@UAEXXZ 1000eca0 f   crowbar.obj
 0001:0000dd10       ?GetItemInfo@CCrowbar@@UAEHPAUItemInfo@@@Z 1000ed10 f   crowbar.obj
 0001:0000dd60       ?Deploy@CCrowbar@@UAEHXZ   1000ed60 f   crowbar.obj
 0001:0000dd80       ?Holster@CCrowbar@@UAEXXZ  1000ed80 f   crowbar.obj
 0001:0000ddb0       ?FindHullIntersection@@YAXABVVector@@AAUTraceResult@@PAM2PAUedict_s@@@Z 1000edb0 f   crowbar.obj
 0001:0000dff0       ?PrimaryAttack@CCrowbar@@UAEXXZ 1000eff0 f   crowbar.obj
 0001:0000e020       ?Smack@CCrowbar@@QAEXXZ    1000f020 f   crowbar.obj
 0001:0000e030       ?SwingAgain@CCrowbar@@QAEXXZ 1000f030 f   crowbar.obj
 0001:0000e040       ?Swing@CCrowbar@@QAEHH@Z   1000f040 f   crowbar.obj
 0001:0000e630       ?GetClassPtr@@YAPAVCCrowbar@@PAV1@@Z 1000f630 f i crowbar.obj
 0001:0000e690       ?iItemSlot@CCrowbar@@UAEHXZ 1000f690 f i crowbar.obj
 0001:0000e6a0       ?SecondaryAttack@CBasePlayerWeapon@@UAEXXZ 1000f6a0 f i crowbar.obj
 0001:0000e6b0       ?Reload@CBasePlayerWeapon@@UAEXXZ 1000f6b0 f i crowbar.obj
 0001:0000e6c0       ?WeaponIdle@CBasePlayerWeapon@@UAEXXZ 1000f6c0 f i crowbar.obj
 0001:0000e6d0       ?Save@CBaseDoor@@UAEHAAVCSave@@@Z 1000f6d0 f   doors.obj
 0001:0000e700       ?Restore@CBaseDoor@@UAEHAAVCRestore@@@Z 1000f700 f   doors.obj
 0001:0000e730       ?PlayLockSounds@@YAXPAUentvars_t@@PAUlocksounds@@HH@Z 1000f730 f   doors.obj
 0001:0000e950       ?KeyValue@CBaseDoor@@UAEXPAUKeyValueData_s@@@Z 1000f950 f   doors.obj
 0001:0000eca0       _func_door                 1000fca0 f   doors.obj
 0001:0000ecb0       _func_water                1000fcb0 f   doors.obj
 0001:0000ecc0       ?Spawn@CBaseDoor@@UAEXXZ   1000fcc0 f   doors.obj
 0001:0000eea0       ?SetToggleState@CBaseDoor@@UAEXH@Z 1000fea0 f   doors.obj
 0001:0000eed0       ?Precache@CBaseDoor@@UAEXXZ 1000fed0 f   doors.obj
 0001:0000f400       ?DoorTouch@CBaseDoor@@QAEXPAVCBaseEntity@@@Z 10010400 f   doors.obj
 0001:0000f4d0       ?Use@CBaseDoor@@UAEXPAVCBaseEntity@@0W4USE_TYPE@@M@Z 100104d0 f   doors.obj
 0001:0000f510       ?DoorActivate@CBaseDoor@@QAEHXZ 10010510 f   doors.obj
 0001:0000f5d0       ?DoorGoUp@CBaseDoor@@QAEXXZ 100105d0 f   doors.obj
 0001:0000f840       ?DoorHitTop@CBaseDoor@@QAEXXZ 10010840 f   doors.obj
 0001:0000f970       ?DoorGoDown@CBaseDoor@@QAEXXZ 10010970 f   doors.obj
 0001:0000fa50       ?DoorHitBottom@CBaseDoor@@QAEXXZ 10010a50 f   doors.obj
 0001:0000fb50       ?Blocked@CBaseDoor@@UAEXPAVCBaseEntity@@@Z 10010b50 f   doors.obj
 0001:0000fe20       _func_door_rotating        10010e20 f   doors.obj
 0001:0000fe30       ?Spawn@CRotDoor@@UAEXXZ    10010e30 f   doors.obj
 0001:00010090       ?SetToggleState@CRotDoor@@UAEXH@Z 10011090 f   doors.obj
 0001:00010100       _momentary_door            10011100 f   doors.obj
 0001:00010110       ?Save@CMomentaryDoor@@UAEHAAVCSave@@@Z 10011110 f   doors.obj
 0001:00010140       ?Restore@CMomentaryDoor@@UAEHAAVCRestore@@@Z 10011140 f   doors.obj
 0001:00010170       ?Spawn@CMomentaryDoor@@UAEXXZ 10011170 f   doors.obj
 0001:00010320       ?Precache@CMomentaryDoor@@UAEXXZ 10011320 f   doors.obj
 0001:00010480       ?KeyValue@CMomentaryDoor@@UAEXPAUKeyValueData_s@@@Z 10011480 f   doors.obj
 0001:00010580       ?Use@CMomentaryDoor@@UAEXPAVCBaseEntity@@0W4USE_TYPE@@M@Z 10011580 f   doors.obj
 0001:00010750       ?GetClassPtr@@YAPAVCBaseDoor@@PAV1@@Z 10011750 f i doors.obj
 0001:000107b0       ?ObjectCaps@CBaseDoor@@UAEHXZ 100117b0 f i doors.obj
 0001:000107c0       ?GetClassPtr@@YAPAVCRotDoor@@PAV1@@Z 100117c0 f i doors.obj
 0001:00010820       ?GetClassPtr@@YAPAVCMomentaryDoor@@PAV1@@Z 10011820 f i doors.obj
 0001:00010880       ?ObjectCaps@CMomentaryDoor@@UAEHXZ 10011880 f i doors.obj
 0001:00010890       _info_target               10011890 f   effects.obj
 0001:000108a0       _env_bubbles               100118a0 f   effects.obj
 0001:000108b0       ?Save@CBubbling@@UAEHAAVCSave@@@Z 100118b0 f   effects.obj
 0001:000108e0       ?Restore@CBubbling@@UAEHAAVCRestore@@@Z 100118e0 f   effects.obj
 0001:00010910       ?Spawn@CBubbling@@UAEXXZ   10011910 f   effects.obj
 0001:00010a20       ?Precache@CBubbling@@UAEXXZ 10011a20 f   effects.obj
 0001:00010a40       ?Use@CBubbling@@UAEXPAVCBaseEntity@@0W4USE_TYPE@@M@Z 10011a40 f   effects.obj
 0001:00010aa0       ?KeyValue@CBubbling@@UAEXPAUKeyValueData_s@@@Z 10011aa0 f   effects.obj
 0001:00010bc0       ?FizzThink@CBubbling@@QAEXXZ 10011bc0 f   effects.obj
 0001:00010c70       _beam                      10011c70 f   effects.obj
 0001:00010c80       ?Spawn@CBeam@@UAEXXZ       10011c80 f   effects.obj
 0001:00010ca0       ?Precache@CBeam@@UAEXXZ    10011ca0 f   effects.obj
 0001:00010cf0       ?SetStartEntity@CBeam@@QAEXH@Z 10011cf0 f   effects.obj
 0001:00010d40       ?SetEndEntity@CBeam@@QAEXH@Z 10011d40 f   effects.obj
 0001:00010d90       ?GetStartPos@CBeam@@QAEABVVector@@XZ 10011d90 f   effects.obj
 0001:00010dd0       ?GetEndPos@CBeam@@QAEABVVector@@XZ 10011dd0 f   effects.obj
 0001:00010e20       ?BeamCreate@CBeam@@SAPAV1@PBDH@Z 10011e20 f   effects.obj
 0001:00010e60       ?BeamInit@CBeam@@QAEXPBDH@Z 10011e60 f   effects.obj
 0001:00010f20       ?PointsInit@CBeam@@QAEXABVVector@@0@Z 10011f20 f   effects.obj
 0001:00010fa0       ?HoseInit@CBeam@@QAEXABVVector@@0@Z 10011fa0 f   effects.obj
 0001:00011020       ?PointEntInit@CBeam@@QAEXABVVector@@H@Z 10012020 f   effects.obj
 0001:000110a0       ?EntsInit@CBeam@@QAEXHH@Z  100120a0 f   effects.obj
 0001:00011110       ?RelinkBeam@CBeam@@QAEXXZ  10012110 f   effects.obj
 0001:000112b0       ?TriggerTouch@CBeam@@QAEXPAVCBaseEntity@@@Z 100122b0 f   effects.obj
 0001:00011310       ?RandomTargetname@CBeam@@QAEPAVCBaseEntity@@PBD@Z 10012310 f   effects.obj
 0001:00011370       ?DoSparks@CBeam@@QAEXABVVector@@0@Z 10012370 f   effects.obj
 0001:000113b0       _env_lightning             100123b0 f   effects.obj
 0001:000113c0       _env_beam                  100123c0 f   effects.obj
 0001:000113d0       ?Save@CLightning@@UAEHAAVCSave@@@Z 100123d0 f   effects.obj
 0001:00011400       ?Restore@CLightning@@UAEHAAVCRestore@@@Z 10012400 f   effects.obj
 0001:00011430       ?Spawn@CLightning@@UAEXXZ  10012430 f   effects.obj
 0001:00011550       ?Precache@CLightning@@UAEXXZ 10012550 f   effects.obj
 0001:00011580       ?Activate@CLightning@@UAEXXZ 10012580 f   effects.obj
 0001:000115b0       ?KeyValue@CLightning@@UAEXPAUKeyValueData_s@@@Z 100125b0 f   effects.obj
 0001:00011950       ?ToggleUse@CLightning@@QAEXPAVCBaseEntity@@0W4USE_TYPE@@M@Z 10012950 f   effects.obj
 0001:00011a00       ?StrikeUse@CLightning@@QAEXPAVCBaseEntity@@0W4USE_TYPE@@M@Z 10012a00 f   effects.obj
 0001:00011a60       ?IsPointEntity@@YAHPAVCBaseEntity@@@Z 10012a60 f   effects.obj
 0001:00011b40       ?StrikeThink@CLightning@@QAEXXZ 10012b40 f   effects.obj
 0001:00011ef0       ?BeamDamage@CBeam@@QAEXPAUTraceResult@@@Z 10012ef0 f   effects.obj
 0001:00012010       ?DamageThink@CLightning@@QAEXXZ 10013010 f   effects.obj
 0001:00012060       ?Zap@CLightning@@QAEXABVVector@@0@Z 10013060 f   effects.obj
 0001:00012190       ?RandomArea@CLightning@@QAEXXZ 10013190 f   effects.obj
 0001:000125d0       ?RandomPoint@CLightning@@QAEXAAVVector@@@Z 100135d0 f   effects.obj
 0001:000127b0       ?BeamUpdateVars@CLightning@@QAEXXZ 100137b0 f   effects.obj
 0001:000129d0       _env_laser                 100139d0 f   effects.obj
 0001:000129e0       ?Save@CLaser@@UAEHAAVCSave@@@Z 100139e0 f   effects.obj
 0001:00012a10       ?Restore@CLaser@@UAEHAAVCRestore@@@Z 10013a10 f   effects.obj
 0001:00012a40       ?Spawn@CLaser@@UAEXXZ      10013a40 f   effects.obj
 0001:00012ba0       ?Precache@CLaser@@UAEXXZ   10013ba0 f   effects.obj
 0001:00012bf0       ?KeyValue@CLaser@@UAEXPAUKeyValueData_s@@@Z 10013bf0 f   effects.obj
 0001:00012ee0       ?IsOn@CLaser@@QAEHXZ       10013ee0 f   effects.obj
 0001:00012f00       ?TurnOff@CLaser@@QAEXXZ    10013f00 f   effects.obj
 0001:00012f30       ?TurnOn@CLaser@@QAEXXZ     10013f30 f   effects.obj
 0001:00012f80       ?Use@CLaser@@UAEXPAVCBaseEntity@@0W4USE_TYPE@@M@Z 10013f80 f   effects.obj
 0001:00012fc0       ?FireAtPoint@CLaser@@QAEXAAUTraceResult@@@Z 10013fc0 f   effects.obj
 0001:00013020       ?StrikeThink@CLaser@@QAEXXZ 10014020 f   effects.obj
 0001:000130b0       _env_glow                  100140b0 f   effects.obj
 0001:000130c0       ?Save@CGlow@@UAEHAAVCSave@@@Z 100140c0 f   effects.obj
 0001:000130f0       ?Restore@CGlow@@UAEHAAVCRestore@@@Z 100140f0 f   effects.obj
 0001:00013120       ?Spawn@CGlow@@UAEXXZ       10014120 f   effects.obj
 0001:00013220       ?Think@CGlow@@UAEXXZ       10014220 f   effects.obj
 0001:00013270       ?Animate@CGlow@@QAEXM@Z    10014270 f   effects.obj
 0001:000132a0       _env_sprite                100142a0 f   effects.obj
 0001:000132b0       ?Save@CSprite@@UAEHAAVCSave@@@Z 100142b0 f   effects.obj
 0001:000132e0       ?Restore@CSprite@@UAEHAAVCRestore@@@Z 100142e0 f   effects.obj
 0001:00013310       ?Spawn@CSprite@@UAEXXZ     10014310 f   effects.obj
 0001:000133f0       ?Precache@CSprite@@UAEXXZ  100143f0 f   effects.obj
 0001:00013480       ?SpriteInit@CSprite@@QAEXPBDABVVector@@@Z 10014480 f   effects.obj
 0001:000134c0       ?SpriteCreate@CSprite@@SAPAV1@PBDABVVector@@H@Z 100144c0 f   effects.obj
 0001:00013530       ?AnimateThink@CSprite@@QAEXXZ 10014530 f   effects.obj
 0001:00013580       ?AnimateUntilDead@CSprite@@QAEXXZ 10014580 f   effects.obj
 0001:000135c0       ?Expand@CSprite@@QAEXMM@Z  100145c0 f   effects.obj
 0001:00013600       ?ExpandThink@CSprite@@QAEXXZ 10014600 f   effects.obj
 0001:00013680       ?Animate@CSprite@@QAEXM@Z  10014680 f   effects.obj
 0001:000136f0       ?TurnOff@CSprite@@QAEXXZ   100146f0 f   effects.obj
 0001:00013710       ?TurnOn@CSprite@@QAEXXZ    10014710 f   effects.obj
 0001:00013790       ?Use@CSprite@@UAEXPAVCBaseEntity@@0W4USE_TYPE@@M@Z 10014790 f   effects.obj
 0001:000137e0       ?Save@CGibShooter@@UAEHAAVCSave@@@Z 100147e0 f   effects.obj
 0001:00013810       ?Restore@CGibShooter@@UAEHAAVCRestore@@@Z 10014810 f   effects.obj
 0001:00013840       _gibshooter                10014840 f   effects.obj
 0001:00013850       ?Precache@CGibShooter@@UAEXXZ 10014850 f   effects.obj
 0001:00013890       ?KeyValue@CGibShooter@@UAEXPAUKeyValueData_s@@@Z 10014890 f   effects.obj
 0001:00013a00       ?Use@CGibShooter@@UAEXPAVCBaseEntity@@0W4USE_TYPE@@M@Z 10014a00 f   effects.obj
 0001:00013a20       ?Spawn@CGibShooter@@UAEXXZ 10014a20 f   effects.obj
 0001:00013aa0       ?CreateGib@CGibShooter@@UAEPAVCGib@@XZ 10014aa0 f   effects.obj
 0001:00013b30       ?ShootThink@CGibShooter@@QAEXXZ 10014b30 f   effects.obj
 0001:00013f00       _env_shooter               10014f00 f   effects.obj
 0001:00013f10       ?KeyValue@CEnvShooter@@EAEXPAUKeyValueData_s@@@Z 10014f10 f   effects.obj
 0001:00014040       ?Precache@CEnvShooter@@EAEXXZ 10015040 f   effects.obj
 0001:00014080       ?CreateGib@CEnvShooter@@EAEPAVCGib@@XZ 10015080 f   effects.obj
 0001:00014170       _test_effect               10015170 f   effects.obj
 0001:00014180       ?Spawn@CTestEffect@@UAEXXZ 10015180 f   effects.obj
 0001:00014190       ?Precache@CTestEffect@@UAEXXZ 10015190 f   effects.obj
 0001:000141a0       ?TestThink@CTestEffect@@QAEXXZ 100151a0 f   effects.obj
 0001:00014460       ?Use@CTestEffect@@UAEXPAVCBaseEntity@@0W4USE_TYPE@@M@Z 10015460 f   effects.obj
 0001:00014490       _env_blood                 10015490 f   effects.obj
 0001:000144a0       ?Spawn@CBlood@@UAEXXZ      100154a0 f   effects.obj
 0001:000144e0       ?KeyValue@CBlood@@UAEXPAUKeyValueData_s@@@Z 100154e0 f   effects.obj
 0001:000145d0       ?Direction@CBlood@@QAE?AVVector@@XZ 100155d0 f   effects.obj
 0001:00014630       ?BloodPosition@CBlood@@QAE?AVVector@@PAVCBaseEntity@@@Z 10015630 f   effects.obj
 0001:00014740       ?Use@CBlood@@UAEXPAVCBaseEntity@@0W4USE_TYPE@@M@Z 10015740 f   effects.obj
 0001:000148d0       _env_shake                 100158d0 f   effects.obj
 0001:000148e0       ?Spawn@CShake@@UAEXXZ      100158e0 f   effects.obj
 0001:00014920       ?KeyValue@CShake@@UAEXPAUKeyValueData_s@@@Z 10015920 f   effects.obj
 0001:00014aa0       ?Use@CShake@@UAEXPAVCBaseEntity@@0W4USE_TYPE@@M@Z 10015aa0 f   effects.obj
 0001:00014ae0       _env_fade                  10015ae0 f   effects.obj
 0001:00014af0       ?Spawn@CFade@@UAEXXZ       10015af0 f   effects.obj
 0001:00014b20       ?KeyValue@CFade@@UAEXPAUKeyValueData_s@@@Z 10015b20 f   effects.obj
 0001:00014bf0       ?Use@CFade@@UAEXPAVCBaseEntity@@0W4USE_TYPE@@M@Z 10015bf0 f   effects.obj
 0001:00014cc0       _env_message               10015cc0 f   effects.obj
 0001:00014cd0       ?Spawn@CMessage@@UAEXXZ    10015cd0 f   effects.obj
 0001:00014d60       ?Precache@CMessage@@UAEXXZ 10015d60 f   effects.obj
 0001:00014d90       ?KeyValue@CMessage@@UAEXPAUKeyValueData_s@@@Z 10015d90 f   effects.obj
 0001:00014ec0       ?Use@CMessage@@UAEXPAVCBaseEntity@@0W4USE_TYPE@@M@Z 10015ec0 f   effects.obj
 0001:00014fc0       ?Precache@CEnvFunnel@@UAEXXZ 10015fc0 f   effects.obj
 0001:00014fe0       _env_funnel                10015fe0 f   effects.obj
 0001:00014ff0       ?Use@CEnvFunnel@@UAEXPAVCBaseEntity@@0W4USE_TYPE@@M@Z 10015ff0 f   effects.obj
 0001:00015080       ?Spawn@CEnvFunnel@@UAEXXZ  10016080 f   effects.obj
 0001:000150b0       ?Precache@CEnvBeverage@@UAEXXZ 100160b0 f   effects.obj
 0001:000150d0       _env_beverage              100160d0 f   effects.obj
 0001:000150e0       ?Use@CEnvBeverage@@UAEXPAVCBaseEntity@@0W4USE_TYPE@@M@Z 100160e0 f   effects.obj
 0001:00015190       ?Spawn@CEnvBeverage@@UAEXXZ 10016190 f   effects.obj
 0001:000151e0       ?Precache@CItemSoda@@UAEXXZ 100161e0 f   effects.obj
 0001:000151f0       _item_sodacan              100161f0 f   effects.obj
 0001:00015200       ?Spawn@CItemSoda@@UAEXXZ   10016200 f   effects.obj
 0001:000152b0       ?CanThink@CItemSoda@@QAEXXZ 100162b0 f   effects.obj
 0001:00015340       ?CanTouch@CItemSoda@@QAEXPAVCBaseEntity@@@Z 10016340 f   effects.obj
 0001:000153d0       ?GetClassPtr@@YAPAVCPointEntity@@PAV1@@Z 100163d0 f i effects.obj
 0001:00015420       ?GetClassPtr@@YAPAVCBubbling@@PAV1@@Z 10016420 f i effects.obj
 0001:00015470       ?ObjectCaps@CBubbling@@UAEHXZ 10016470 f i effects.obj
 0001:00015480       ?GetClassPtr@@YAPAVCBeam@@PAV1@@Z 10016480 f i effects.obj
 0001:000154d0       ?ObjectCaps@CBeam@@UAEHXZ  100164d0 f i effects.obj
 0001:000154f0       ?Center@CBeam@@UAE?AVVector@@XZ 100164f0 f i effects.obj
 0001:00015560       ?GetClassPtr@@YAPAVCLightning@@PAV1@@Z 10016560 f i effects.obj
 0001:000155b0       ?GetClassPtr@@YAPAVCLaser@@PAV1@@Z 100165b0 f i effects.obj
 0001:00015600       ?GetClassPtr@@YAPAVCGlow@@PAV1@@Z 10016600 f i effects.obj
 0001:00015650       ?GetClassPtr@@YAPAVCSprite@@PAV1@@Z 10016650 f i effects.obj
 0001:000156a0       ?ObjectCaps@CSprite@@UAEHXZ 100166a0 f i effects.obj
 0001:000156c0       ?GetClassPtr@@YAPAVCGibShooter@@PAV1@@Z 100166c0 f i effects.obj
 0001:00015710       ?GetClassPtr@@YAPAVCEnvShooter@@PAV1@@Z 10016710 f i effects.obj
 0001:00015760       ?GetClassPtr@@YAPAVCTestEffect@@PAV1@@Z 10016760 f i effects.obj
 0001:000157c0       ?GetClassPtr@@YAPAVCBlood@@PAV1@@Z 100167c0 f i effects.obj
 0001:00015810       ?GetClassPtr@@YAPAVCShake@@PAV1@@Z 10016810 f i effects.obj
 0001:00015860       ?GetClassPtr@@YAPAVCFade@@PAV1@@Z 10016860 f i effects.obj
 0001:000158b0       ?GetClassPtr@@YAPAVCMessage@@PAV1@@Z 100168b0 f i effects.obj
 0001:00015900       ?GetClassPtr@@YAPAVCEnvFunnel@@PAV1@@Z 10016900 f i effects.obj
 0001:00015950       ?GetClassPtr@@YAPAVCEnvBeverage@@PAV1@@Z 10016950 f i effects.obj
 0001:000159a0       ?GetClassPtr@@YAPAVCItemSoda@@PAV1@@Z 100169a0 f i effects.obj
 0001:000159f0       _weapon_egon               100169f0 f   egon.obj
 0001:00015a00       ?Save@CEgon@@UAEHAAVCSave@@@Z 10016a00 f   egon.obj
 0001:00015a30       ?Restore@CEgon@@UAEHAAVCRestore@@@Z 10016a30 f   egon.obj
 0001:00015a60       ?Spawn@CEgon@@UAEXXZ       10016a60 f   egon.obj
 0001:00015aa0       ?Precache@CEgon@@UAEXXZ    10016aa0 f   egon.obj
 0001:00015b20       ?Deploy@CEgon@@UAEHXZ      10016b20 f   egon.obj
 0001:00015b50       ?AddToPlayer@CEgon@@UAEHPAVCBasePlayer@@@Z 10016b50 f   egon.obj
 0001:00015bb0       ?Holster@CEgon@@UAEXXZ     10016bb0 f   egon.obj
 0001:00015bf0       ?GetItemInfo@CEgon@@UAEHPAUItemInfo@@@Z 10016bf0 f   egon.obj
 0001:00015c60       ?GetPulseInterval@CEgon@@QAEMXZ 10016c60 f   egon.obj
 0001:00015c80       ?GetDischargeInterval@CEgon@@QAEMXZ 10016c80 f   egon.obj
 0001:00015ca0       ?Attack@CEgon@@QAEXXZ      10016ca0 f   egon.obj
 0001:00015f30       ?PrimaryAttack@CEgon@@UAEXXZ 10016f30 f   egon.obj
 0001:00015f40       ?Fire@CEgon@@QAEXABVVector@@0@Z 10016f40 f   egon.obj
 0001:000164d0       ?UpdateEffect@CEgon@@QAEXABVVector@@0M@Z 100174d0 f   egon.obj
 0001:00016700       ?CreateEffect@CEgon@@QAEXXZ 10017700 f   egon.obj
 0001:00016980       ?DestroyEffect@CEgon@@QAEXXZ 10017980 f   egon.obj
 0001:00016a00       ?WeaponIdle@CEgon@@UAEXXZ  10017a00 f   egon.obj
 0001:00016aa0       ?EndAttack@CEgon@@QAEXXZ   10017aa0 f   egon.obj
 0001:00016b30       _ammo_egonclip             10017b30 f   egon.obj
 0001:00016b40       ?GetClassPtr@@YAPAVCEgon@@PAV1@@Z 10017b40 f i egon.obj
 0001:00016ba0       ?iItemSlot@CEgon@@UAEHXZ   10017ba0 f i egon.obj
 0001:00016bb0       ?GetClassPtr@@YAPAVCEgonAmmo@@PAV1@@Z 10017bb0 f i egon.obj
 0001:00016c00       ?Spawn@CEgonAmmo@@EAEXXZ   10017c00 f i egon.obj
 0001:00016c30       ?Precache@CEgonAmmo@@EAEXXZ 10017c30 f i egon.obj
 0001:00016c50       ?AddAmmo@CEgonAmmo@@EAEHPAVCBaseEntity@@@Z 10017c50 f i egon.obj
 0001:00016ca0       _spark_shower              10017ca0 f   explode.obj
 0001:00016cb0       ?Spawn@CShower@@EAEXXZ     10017cb0 f   explode.obj
 0001:00016e30       ?Think@CShower@@EAEXXZ     10017e30 f   explode.obj
 0001:00016ec0       ?Touch@CShower@@EAEXPAVCBaseEntity@@@Z 10017ec0 f   explode.obj
 0001:00016fa0       ?Save@CEnvExplosion@@UAEHAAVCSave@@@Z 10017fa0 f   explode.obj
 0001:00016fd0       ?Restore@CEnvExplosion@@UAEHAAVCRestore@@@Z 10017fd0 f   explode.obj
 0001:00017000       _env_explosion             10018000 f   explode.obj
 0001:00017010       ?KeyValue@CEnvExplosion@@UAEXPAUKeyValueData_s@@@Z 10018010 f   explode.obj
 0001:00017090       ?Spawn@CEnvExplosion@@UAEXXZ 10018090 f   explode.obj
 0001:000170f0       ?Use@CEnvExplosion@@UAEXPAVCBaseEntity@@0W4USE_TYPE@@M@Z 100180f0 f   explode.obj
 0001:000173f0       ?Smoke@CEnvExplosion@@QAEXXZ 100183f0 f   explode.obj
 0001:00017490       ?ExplosionCreate@@YAXABVVector@@0PAUedict_s@@HH@Z 10018490 f   explode.obj
 0001:00017530       ?GetClassPtr@@YAPAVCShower@@PAV1@@Z 10018530 f i explode.obj
 0001:00017580       ?ObjectCaps@CShower@@EAEHXZ 10018580 f i explode.obj
 0001:00017590       ?GetClassPtr@@YAPAVCEnvExplosion@@PAV1@@Z 10018590 f i explode.obj
 0001:000175f0       ?KeyValue@CBreakable@@UAEXPAUKeyValueData_s@@@Z 100185f0 f   func_break.obj
 0001:00017910       _func_breakable            10018910 f   func_break.obj
 0001:00017920       ?Save@CBreakable@@UAEHAAVCSave@@@Z 10018920 f   func_break.obj
 0001:00017950       ?Restore@CBreakable@@UAEHAAVCRestore@@@Z 10018950 f   func_break.obj
 0001:00017980       ?Spawn@CBreakable@@UAEXXZ  10018980 f   func_break.obj
 0001:00017a40       ?MaterialSoundList@CBreakable@@SAPAPBDW4Materials@@AAH@Z 10018a40 f   func_break.obj
 0001:00017ae0       ?MaterialSoundPrecache@CBreakable@@SAXW4Materials@@@Z 10018ae0 f   func_break.obj
 0001:00017b30       ?MaterialSoundRandom@CBreakable@@SAXPAUedict_s@@W4Materials@@M@Z 10018b30 f   func_break.obj
 0001:00017b90       ?Precache@CBreakable@@UAEXXZ 10018b90 f   func_break.obj
 0001:00017d20       ?DamageSound@CBreakable@@QAEXXZ 10018d20 f   func_break.obj
 0001:00017ec0       ?BreakTouch@CBreakable@@QAEXPAVCBaseEntity@@@Z 10018ec0 f   func_break.obj
 0001:00017fd0       ?Use@CBreakable@@UAEXPAVCBaseEntity@@0W4USE_TYPE@@M@Z 10018fd0 f   func_break.obj
 0001:00018020       ?TraceAttack@CBreakable@@UAEXPAUentvars_t@@MVVector@@PAUTraceResult@@H@Z 10019020 f   func_break.obj
 0001:00018110       ?TakeDamage@CBreakable@@UAEHPAUentvars_t@@0MH@Z 10019110 f   func_break.obj
 0001:00018380       ?Die@CBreakable@@QAEXXZ    10019380 f   func_break.obj
 0001:00018930       ?IsBreakable@CBreakable@@QAEHXZ 10019930 f   func_break.obj
 0001:00018940       ?DamageDecal@CBreakable@@UAEHH@Z 10019940 f   func_break.obj
 0001:00018980       ?Save@CPushable@@UAEHAAVCSave@@@Z 10019980 f   func_break.obj
 0001:000189b0       ?Restore@CPushable@@UAEHAAVCRestore@@@Z 100199b0 f   func_break.obj
 0001:000189e0       _func_pushable             100199e0 f   func_break.obj
 0001:000189f0       ?Spawn@CPushable@@UAEXXZ   100199f0 f   func_break.obj
 0001:00018b00       ?Precache@CPushable@@UAEXXZ 10019b00 f   func_break.obj
 0001:00018b40       ?KeyValue@CPushable@@UAEXPAUKeyValueData_s@@@Z 10019b40 f   func_break.obj
 0001:00018d70       ?Use@CPushable@@UAEXPAVCBaseEntity@@0W4USE_TYPE@@M@Z 10019d70 f   func_break.obj
 0001:00018e00       ?Touch@CPushable@@UAEXPAVCBaseEntity@@@Z 10019e00 f   func_break.obj
 0001:00018e70       ?Move@CPushable@@QAEXPAVCBaseEntity@@H@Z 10019e70 f   func_break.obj
 0001:00019050       ?TakeDamage@CPushable@@UAEHPAUentvars_t@@0MH@Z 1001a050 f   func_break.obj
 0001:00019080       ?GetClassPtr@@YAPAVCBreakable@@PAV1@@Z 1001a080 f i func_break.obj
 0001:000190d0       ?GetClassPtr@@YAPAVCPushable@@PAV1@@Z 1001a0d0 f i func_break.obj
 0001:00019120       ?ObjectCaps@CPushable@@UAEHXZ 1001a120 f i func_break.obj
 0001:00019130       ?ObjectCaps@CBreakable@@UAEHXZ 1001a130 f i func_break.obj
 0001:00019140       ?Save@CFuncTank@@UAEHAAVCSave@@@Z 1001a140 f   func_tank.obj
 0001:00019170       ?Restore@CFuncTank@@UAEHAAVCRestore@@@Z 1001a170 f   func_tank.obj
 0001:00019250       ?Spawn@CFuncTank@@UAEXXZ   1001a250 f   func_tank.obj
 0001:000194c0       ?Precache@CFuncTank@@UAEXXZ 1001a4c0 f   func_tank.obj
 0001:00019530       ?KeyValue@CFuncTank@@UAEXPAUKeyValueData_s@@@Z 1001a530 f   func_tank.obj
 0001:00019c10       ?OnControls@CFuncTank@@UAEHPAUentvars_t@@@Z 1001ac10 f   func_tank.obj
 0001:00019c70       ?StartControl@CFuncTank@@QAEHPAVCBasePlayer@@@Z 1001ac70 f   func_tank.obj
 0001:00019d30       ?StopControl@CFuncTank@@QAEXXZ 1001ad30 f   func_tank.obj
 0001:00019db0       ?ControllerPostFrame@CFuncTank@@QAEXXZ 1001adb0 f   func_tank.obj
 0001:00019ff0       ?Use@CFuncTank@@UAEXPAVCBaseEntity@@0W4USE_TYPE@@M@Z 1001aff0 f   func_tank.obj
 0001:0001a0d0       ?FindTarget@CFuncTank@@QAEPAUedict_s@@PAU2@@Z 1001b0d0 f   func_tank.obj
 0001:0001a0e0       ?InRange@CFuncTank@@QAEHM@Z 1001b0e0 f   func_tank.obj
 0001:0001a120       ?Think@CFuncTank@@UAEXXZ   1001b120 f   func_tank.obj
 0001:0001a190       ?TrackTarget@CFuncTank@@QAEXXZ 1001b190 f   func_tank.obj
 0001:0001a9b0       ?AdjustAnglesForBarrel@CFuncTank@@QAEXAAVVector@@M@Z 1001b9b0 f   func_tank.obj
 0001:0001aa40       ?Fire@CFuncTank@@UAEXABVVector@@0PAUentvars_t@@@Z 1001ba40 f   func_tank.obj
 0001:0001ac60       ?TankTrace@CFuncTank@@QAEXABVVector@@00AAUTraceResult@@@Z 1001bc60 f   func_tank.obj
 0001:0001ae80       ?StartRotSound@CFuncTank@@QAEXXZ 1001be80 f   func_tank.obj
 0001:0001aee0       ?StopRotSound@CFuncTank@@QAEXXZ 1001bee0 f   func_tank.obj
 0001:0001af40       _func_tank                 1001bf40 f   func_tank.obj
 0001:0001af50       ?Fire@CFuncTankGun@@UAEXABVVector@@0PAUentvars_t@@@Z 1001bf50 f   func_tank.obj
 0001:0001b080       _func_tanklaser            1001c080 f   func_tank.obj
 0001:0001b090       ?Save@CFuncTankLaser@@UAEHAAVCSave@@@Z 1001c090 f   func_tank.obj
 0001:0001b0c0       ?Restore@CFuncTankLaser@@UAEHAAVCRestore@@@Z 1001c0c0 f   func_tank.obj
 0001:0001b0f0       ?Activate@CFuncTankLaser@@UAEXXZ 1001c0f0 f   func_tank.obj
 0001:0001b130       ?KeyValue@CFuncTankLaser@@UAEXPAUKeyValueData_s@@@Z 1001c130 f   func_tank.obj
 0001:0001b1b0       ?GetLaser@CFuncTankLaser@@QAEPAVCLaser@@XZ 1001c1b0 f   func_tank.obj
 0001:0001b2a0       ?Think@CFuncTankLaser@@UAEXXZ 1001c2a0 f   func_tank.obj
 0001:0001b2d0       ?Fire@CFuncTankLaser@@UAEXABVVector@@0PAUentvars_t@@@Z 1001c2d0 f   func_tank.obj
 0001:0001b410       _func_tankrocket           1001c410 f   func_tank.obj
 0001:0001b420       ?Precache@CFuncTankRocket@@UAEXXZ 1001c420 f   func_tank.obj
 0001:0001b440       ?Fire@CFuncTankRocket@@UAEXABVVector@@0PAUentvars_t@@@Z 1001c440 f   func_tank.obj
 0001:0001b4d0       _func_tankmortar           1001c4d0 f   func_tank.obj
 0001:0001b4e0       ?KeyValue@CFuncTankMortar@@UAEXPAUKeyValueData_s@@@Z 1001c4e0 f   func_tank.obj
 0001:0001b560       ?Fire@CFuncTankMortar@@UAEXABVVector@@0PAUentvars_t@@@Z 1001c560 f   func_tank.obj
 0001:0001b630       _func_tankcontrols         1001c630 f   func_tank.obj
 0001:0001b640       ?Save@CFuncTankControls@@UAEHAAVCSave@@@Z 1001c640 f   func_tank.obj
 0001:0001b670       ?Restore@CFuncTankControls@@UAEHAAVCRestore@@@Z 1001c670 f   func_tank.obj
 0001:0001b6a0       ?ObjectCaps@CFuncTankControls@@UAEHXZ 1001c6a0 f   func_tank.obj
 0001:0001b6b0       ?Use@CFuncTankControls@@UAEXPAVCBaseEntity@@0W4USE_TYPE@@M@Z 1001c6b0 f   func_tank.obj
 0001:0001b6e0       ?Think@CFuncTankControls@@UAEXXZ 1001c6e0 f   func_tank.obj
 0001:0001b790       ?Spawn@CFuncTankControls@@UAEXXZ 1001c790 f   func_tank.obj
 0001:0001b830       ?GetClassPtr@@YAPAVCFuncTankGun@@PAV1@@Z 1001c830 f i func_tank.obj
 0001:0001b890       ?UpdateTargetPosition@CFuncTank@@UAE?AVVector@@PAVCBaseEntity@@@Z 1001c890 f i func_tank.obj
 0001:0001b8d0       ?ObjectCaps@CFuncTank@@UAEHXZ 1001c8d0 f i func_tank.obj
 0001:0001b8e0       ?GetClassPtr@@YAPAVCFuncTankLaser@@PAV1@@Z 1001c8e0 f i func_tank.obj
 0001:0001b940       ?GetClassPtr@@YAPAVCFuncTankRocket@@PAV1@@Z 1001c940 f i func_tank.obj
 0001:0001b9a0       ?GetClassPtr@@YAPAVCFuncTankMortar@@PAV1@@Z 1001c9a0 f i func_tank.obj
 0001:0001ba00       ?GetClassPtr@@YAPAVCFuncTankControls@@PAV1@@Z 1001ca00 f i func_tank.obj
 0001:0001ba50       ?GameDLLInit@@YAXXZ        1001ca50 f   game.obj
 0001:0001c620       ?CanHaveAmmo@CGameRules@@UAEHPAVCBasePlayer@@PBDH@Z 1001d620 f   gamerules.obj
 0001:0001c660       ?GetPlayerSpawnSpot@CGameRules@@UAEPAUedict_s@@PAVCBasePlayer@@@Z 1001d660 f   gamerules.obj
 0001:0001c770       ?CanHavePlayerItem@CGameRules@@UAEHPAVCBasePlayer@@PAVCBasePlayerItem@@@Z 1001d770 f   gamerules.obj
 0001:0001c7e0       ?RefreshSkillData@CGameRules@@UAEXXZ 1001d7e0 f   gamerules.obj
 0001:0001cd70       ?InstallGameRules@@YAPAVCGameRules@@XZ 1001dd70 f   gamerules.obj
 0001:0001cec0       _weapon_gauss              1001dec0 f   gauss.obj
 0001:0001ced0       ?Save@CGauss@@UAEHAAVCSave@@@Z 1001ded0 f   gauss.obj
 0001:0001cf00       ?Restore@CGauss@@UAEHAAVCRestore@@@Z 1001df00 f   gauss.obj
 0001:0001cf30       ?GetFullChargeTime@CGauss@@QAEMXZ 1001df30 f   gauss.obj
 0001:0001cf50       ?Spawn@CGauss@@UAEXXZ      1001df50 f   gauss.obj
 0001:0001cf90       ?Precache@CGauss@@UAEXXZ   1001df90 f   gauss.obj
 0001:0001d030       ?AddToPlayer@CGauss@@UAEHPAVCBasePlayer@@@Z 1001e030 f   gauss.obj
 0001:0001d090       ?GetItemInfo@CGauss@@UAEHPAUItemInfo@@@Z 1001e090 f   gauss.obj
 0001:0001d100       ?Deploy@CGauss@@UAEHXZ     1001e100 f   gauss.obj
 0001:0001d120       ?Holster@CGauss@@UAEXXZ    1001e120 f   gauss.obj
 0001:0001d180       ?PrimaryAttack@CGauss@@UAEXXZ 1001e180 f   gauss.obj
 0001:0001d250       ?SecondaryAttack@CGauss@@UAEXXZ 1001e250 f   gauss.obj
 0001:0001d6b0       ?StartFire@CGauss@@QAEXXZ  1001e6b0 f   gauss.obj
 0001:0001d980       ?Fire@CGauss@@QAEXVVector@@0M@Z 1001e980 f   gauss.obj
 0001:0001e7b0       ?WeaponIdle@CGauss@@UAEXXZ 1001f7b0 f   gauss.obj
 0001:0001e980       _ammo_gaussclip            1001f980 f   gauss.obj
 0001:0001e990       ?GetClassPtr@@YAPAVCGauss@@PAV1@@Z 1001f990 f i gauss.obj
 0001:0001e9f0       ?iItemSlot@CGauss@@UAEHXZ  1001f9f0 f i gauss.obj
 0001:0001ea00       ?GetClassPtr@@YAPAVCGaussAmmo@@PAV1@@Z 1001fa00 f i gauss.obj
 0001:0001ea50       ?Spawn@CGaussAmmo@@EAEXXZ  1001fa50 f i gauss.obj
 0001:0001ea80       ?Precache@CGaussAmmo@@EAEXXZ 1001fa80 f i gauss.obj
 0001:0001eaa0       ?AddAmmo@CGaussAmmo@@EAEHPAVCBaseEntity@@@Z 1001faa0 f i gauss.obj
 0001:0001eaf0       _grenade                   1001faf0 f   ggrenade.obj
 0001:0001eb00       ?Explode@CGrenade@@QAEXVVector@@0@Z 1001fb00 f   ggrenade.obj
 0001:0001eb70       ?Explode@CGrenade@@QAEXPAUTraceResult@@H@Z 1001fb70 f   ggrenade.obj
 0001:0001ee80       ?Smoke@CGrenade@@QAEXXZ    1001fe80 f   ggrenade.obj
 0001:0001efb0       ?Killed@CGrenade@@UAEXPAUentvars_t@@H@Z 1001ffb0 f   ggrenade.obj
 0001:0001efc0       ?DetonateUse@CGrenade@@QAEXPAVCBaseEntity@@0W4USE_TYPE@@M@Z 1001ffc0 f   ggrenade.obj
 0001:0001efe0       ?PreDetonate@CGrenade@@QAEXXZ 1001ffe0 f   ggrenade.obj
 0001:0001f020       ?Detonate@CGrenade@@QAEXXZ 10020020 f   ggrenade.obj
 0001:0001f0d0       ?ExplodeTouch@CGrenade@@QAEXPAVCBaseEntity@@@Z 100200d0 f   ggrenade.obj
 0001:0001f320       ?DangerSoundThink@CGrenade@@QAEXXZ 10020320 f   ggrenade.obj
 0001:0001f450       ?BounceTouch@CGrenade@@QAEXPAVCBaseEntity@@@Z 10020450 f   ggrenade.obj
 0001:0001f740       ?SlideTouch@CGrenade@@QAEXPAVCBaseEntity@@@Z 10020740 f   ggrenade.obj
 0001:0001f7d0       ?BounceSound@CGrenade@@UAEXXZ 100207d0 f   ggrenade.obj
 0001:0001f870       ?TumbleThink@CGrenade@@QAEXXZ 10020870 f   ggrenade.obj
 0001:0001f9c0       ?Spawn@CGrenade@@UAEXXZ    100209c0 f   ggrenade.obj
 0001:0001fa70       ?ShootContact@CGrenade@@SAPAV1@PAUentvars_t@@VVector@@1@Z 10020a70 f   ggrenade.obj
 0001:0001fb40       ?ShootTimed@CGrenade@@SAPAV1@PAUentvars_t@@VVector@@1M@Z 10020b40 f   ggrenade.obj
 0001:0001fcb0       ?ShootSatchelCharge@CGrenade@@SAPAV1@PAUentvars_t@@VVector@@1@Z 10020cb0 f   ggrenade.obj
 0001:0001fdf0       ?UseSatchelCharges@CGrenade@@SAXPAUentvars_t@@W4SATCHELCODE@1@@Z 10020df0 f   ggrenade.obj
 0001:0001feb0       ?GetClassPtr@@YAPAVCGrenade@@PAV1@@Z 10020eb0 f i ggrenade.obj
 0001:0001ff10       ?BloodColor@CGrenade@@UAEHXZ 10020f10 f i ggrenade.obj
 0001:0001ff70       _weapon_glock              10020f70 f   glock.obj
 0001:0001ff80       _weapon_9mmhandgun         10020f80 f   glock.obj
 0001:0001ff90       ?Spawn@CGlock@@UAEXXZ      10020f90 f   glock.obj
 0001:0001fff0       ?Precache@CGlock@@UAEXXZ   10020ff0 f   glock.obj
 0001:00020060       ?GetItemInfo@CGlock@@UAEHPAUItemInfo@@@Z 10021060 f   glock.obj
 0001:000200d0       ?Deploy@CGlock@@UAEHXZ     100210d0 f   glock.obj
 0001:000200f0       ?SecondaryAttack@CGlock@@UAEXXZ 100210f0 f   glock.obj
 0001:00020110       ?PrimaryAttack@CGlock@@UAEXXZ 10021110 f   glock.obj
 0001:00020130       ?GlockFire@CGlock@@QAEXMMH@Z 10021130 f   glock.obj
 0001:000207f0       ?Reload@CGlock@@UAEXXZ     100217f0 f   glock.obj
 0001:00020840       ?WeaponIdle@CGlock@@UAEXXZ 10021840 f   glock.obj
 0001:00020920       _ammo_glockclip            10021920 f   glock.obj
 0001:00020930       _ammo_9mmclip              10021930 f   glock.obj
 0001:00020940       ?GetClassPtr@@YAPAVCGlock@@PAV1@@Z 10021940 f i glock.obj
 0001:00020990       ?iItemSlot@CGlock@@UAEHXZ  10021990 f i glock.obj
 0001:000209a0       ?GetClassPtr@@YAPAVCGlockAmmo@@PAV1@@Z 100219a0 f i glock.obj
 0001:000209f0       ?Spawn@CGlockAmmo@@EAEXXZ  100219f0 f i glock.obj
 0001:00020a20       ?Precache@CGlockAmmo@@EAEXXZ 10021a20 f i glock.obj
 0001:00020a40       ?AddAmmo@CGlockAmmo@@EAEHPAVCBaseEntity@@@Z 10021a40 f i glock.obj
 0001:00020aa0       ?FBoxVisible@@YAHPAUentvars_t@@0AAVVector@@M@Z 10021aa0 f   h_ai.obj
 0001:00020c20       ?VecCheckToss@@YA?AVVector@@PAUentvars_t@@ABV1@V1@M@Z 10021c20 f   h_ai.obj
 0001:000211b0       ?VecCheckThrow@@YA?AVVector@@PAUentvars_t@@ABV1@V1@MM@Z 100221b0 f   h_ai.obj
 0001:00021430       ?Save@CRecharge@@UAEHAAVCSave@@@Z 10022430 f   h_battery.obj
 0001:00021460       ?Restore@CRecharge@@UAEHAAVCRestore@@@Z 10022460 f   h_battery.obj
 0001:00021490       _func_recharge             10022490 f   h_battery.obj
 0001:000214a0       ?KeyValue@CRecharge@@UAEXPAUKeyValueData_s@@@Z 100224a0 f   h_battery.obj
 0001:00021620       ?Spawn@CRecharge@@UAEXXZ   10022620 f   h_battery.obj
 0001:000216b0       ?Precache@CRecharge@@UAEXXZ 100226b0 f   h_battery.obj
 0001:000216e0       ?Use@CRecharge@@UAEXPAVCBaseEntity@@0W4USE_TYPE@@M@Z 100226e0 f   h_battery.obj
 0001:00021960       ?Recharge@CRecharge@@QAEXXZ 10022960 f   h_battery.obj
 0001:00021990       ?Off@CRecharge@@QAEXXZ     10022990 f   h_battery.obj
 0001:00021a20       ?GetClassPtr@@YAPAVCRecharge@@PAV1@@Z 10022a20 f i h_battery.obj
 0001:00021a80       ?ObjectCaps@CRecharge@@UAEHXZ 10022a80 f i h_battery.obj
 0001:00021a90       ?Save@CCycler@@UAEHAAVCSave@@@Z 10022a90 f   h_cycler.obj
 0001:00021ac0       ?Restore@CCycler@@UAEHAAVCRestore@@@Z 10022ac0 f   h_cycler.obj
 0001:00021af0       _cycler                    10022af0 f   h_cycler.obj
 0001:00021b00       _cycler_prdroid            10022b00 f   h_cycler.obj
 0001:00021b10       ?Spawn@CCyclerProbe@@UAEXXZ 10022b10 f   h_cycler.obj
 0001:00021bc0       ?GenericCyclerSpawn@CCycler@@QAEXPADVVector@@1@Z 10022bc0 f   h_cycler.obj
 0001:00021c70       ?Spawn@CCycler@@UAEXXZ     10022c70 f   h_cycler.obj
 0001:00021d40       ?Think@CCycler@@UAEXXZ     10022d40 f   h_cycler.obj
 0001:00021dd0       ?Use@CCycler@@UAEXPAVCBaseEntity@@0W4USE_TYPE@@M@Z 10022dd0 f   h_cycler.obj
 0001:00021e10       ?TakeDamage@CCycler@@UAEHPAUentvars_t@@0MH@Z 10022e10 f   h_cycler.obj
 0001:00021ec0       _cycler_sprite             10022ec0 f   h_cycler.obj
 0001:00021ed0       ?Save@CCyclerSprite@@UAEHAAVCSave@@@Z 10022ed0 f   h_cycler.obj
 0001:00021f00       ?Restore@CCyclerSprite@@UAEHAAVCRestore@@@Z 10022f00 f   h_cycler.obj
 0001:00021f30       ?Spawn@CCyclerSprite@@UAEXXZ 10022f30 f   h_cycler.obj
 0001:00022000       ?Think@CCyclerSprite@@UAEXXZ 10023000 f   h_cycler.obj
 0001:00022060       ?Use@CCyclerSprite@@UAEXPAVCBaseEntity@@0W4USE_TYPE@@M@Z 10023060 f   h_cycler.obj
 0001:000220a0       ?TakeDamage@CCyclerSprite@@UAEHPAUentvars_t@@0MH@Z 100230a0 f   h_cycler.obj
 0001:000220d0       ?Animate@CCyclerSprite@@QAEXM@Z 100230d0 f   h_cycler.obj
 0001:00022110       _cycler_weapon             10023110 f   h_cycler.obj
 0001:00022120       ?Spawn@CWeaponCycler@@UAEXXZ 10023120 f   h_cycler.obj
 0001:00022200       ?Deploy@CWeaponCycler@@UAEHXZ 10023200 f   h_cycler.obj
 0001:00022250       ?Holster@CWeaponCycler@@UAEXXZ 10023250 f   h_cycler.obj
 0001:00022270       ?PrimaryAttack@CWeaponCycler@@UAEXXZ 10023270 f   h_cycler.obj
 0001:000222a0       ?SecondaryAttack@CWeaponCycler@@UAEXXZ 100232a0 f   h_cycler.obj
 0001:00022350       ?Save@CWreckage@@EAEHAAVCSave@@@Z 10023350 f   h_cycler.obj
 0001:00022380       ?Restore@CWreckage@@EAEHAAVCRestore@@@Z 10023380 f   h_cycler.obj
 0001:000223b0       _cycler_wreckage           100233b0 f   h_cycler.obj
 0001:000223c0       ?Spawn@CWreckage@@EAEXXZ   100233c0 f   h_cycler.obj
 0001:00022470       ?Precache@CWreckage@@EAEXXZ 10023470 f   h_cycler.obj
 0001:000224a0       ?Think@CWreckage@@EAEXXZ   100234a0 f   h_cycler.obj
 0001:00022610       ?GetClassPtr@@YAPAVCGenericCycler@@PAV1@@Z 10023610 f i h_cycler.obj
 0001:00022670       ?ObjectCaps@CCycler@@UAEHXZ 10023670 f i h_cycler.obj
 0001:00022680       ?IsAlive@CCycler@@UAEHXZ   10023680 f i h_cycler.obj
 0001:00022690       ?Spawn@CGenericCycler@@UAEXXZ 10023690 f i h_cycler.obj
 0001:00022710       ?GetClassPtr@@YAPAVCCyclerProbe@@PAV1@@Z 10023710 f i h_cycler.obj
 0001:00022770       ?GetClassPtr@@YAPAVCCyclerSprite@@PAV1@@Z 10023770 f i h_cycler.obj
 0001:000227c0       ?ObjectCaps@CCyclerSprite@@UAEHXZ 100237c0 f i h_cycler.obj
 0001:000227d0       ?GetClassPtr@@YAPAVCWeaponCycler@@PAV1@@Z 100237d0 f i h_cycler.obj
 0001:00022830       ?iItemSlot@CWeaponCycler@@UAEHXZ 10023830 f i h_cycler.obj
 0001:00022840       ?GetItemInfo@CWeaponCycler@@UAEHPAUItemInfo@@@Z 10023840 f i h_cycler.obj
 0001:00022850       ?GetClassPtr@@YAPAVCWreckage@@PAV1@@Z 10023850 f i h_cycler.obj
 0001:000228b0       _DllMain@12                100238b0 f   h_export.obj
 0001:000228c0       ?GiveFnptrsToDll@@YGXPAUenginefuncs_s@@PAUglobalvars_t@@@Z 100238c0 f   h_export.obj
 0001:000228e0       _weapon_handgrenade        100238e0 f   handgrenade.obj
 0001:000228f0       ?Spawn@CHandGrenade@@UAEXXZ 100238f0 f   handgrenade.obj
 0001:00022940       ?Precache@CHandGrenade@@UAEXXZ 10023940 f   handgrenade.obj
 0001:00022970       ?GetItemInfo@CHandGrenade@@UAEHPAUItemInfo@@@Z 10023970 f   handgrenade.obj
 0001:000229e0       ?Deploy@CHandGrenade@@UAEHXZ 100239e0 f   handgrenade.obj
 0001:00022a00       ?CanHolster@CHandGrenade@@UAEHXZ 10023a00 f   handgrenade.obj
 0001:00022a20       ?Holster@CHandGrenade@@UAEXXZ 10023a20 f   handgrenade.obj
 0001:00022ac0       ?PrimaryAttack@CHandGrenade@@UAEXXZ 10023ac0 f   handgrenade.obj
 0001:00022b20       ?WeaponIdle@CHandGrenade@@UAEXXZ 10023b20 f   handgrenade.obj
 0001:00022ec0       ?GetClassPtr@@YAPAVCHandGrenade@@PAV1@@Z 10023ec0 f i handgrenade.obj
 0001:00022f20       ?iItemSlot@CHandGrenade@@UAEHXZ 10023f20 f i handgrenade.obj
 0001:00022f30       _item_healthkit            10023f30 f   healthkit.obj
 0001:00022f40       ?Spawn@CHealthKit@@EAEXXZ  10023f40 f   healthkit.obj
 0001:00022f70       ?Precache@CHealthKit@@EAEXXZ 10023f70 f   healthkit.obj
 0001:00022f90       ?MyTouch@CHealthKit@@EAEHPAVCBasePlayer@@@Z 10023f90 f   healthkit.obj
 0001:00023060       ?Save@CWallHealth@@UAEHAAVCSave@@@Z 10024060 f   healthkit.obj
 0001:00023090       ?Restore@CWallHealth@@UAEHAAVCRestore@@@Z 10024090 f   healthkit.obj
 0001:000230c0       _func_healthcharger        100240c0 f   healthkit.obj
 0001:000230d0       ?KeyValue@CWallHealth@@UAEXPAUKeyValueData_s@@@Z 100240d0 f   healthkit.obj
 0001:00023250       ?Spawn@CWallHealth@@UAEXXZ 10024250 f   healthkit.obj
 0001:000232e0       ?Precache@CWallHealth@@UAEXXZ 100242e0 f   healthkit.obj
 0001:00023310       ?Use@CWallHealth@@UAEXPAVCBaseEntity@@0W4USE_TYPE@@M@Z 10024310 f   healthkit.obj
 0001:000234d0       ?Recharge@CWallHealth@@QAEXXZ 100244d0 f   healthkit.obj
 0001:00023530       ?Off@CWallHealth@@QAEXXZ   10024530 f   healthkit.obj
 0001:000235c0       ?GetClassPtr@@YAPAVCHealthKit@@PAV1@@Z 100245c0 f i healthkit.obj
 0001:00023610       ?GetClassPtr@@YAPAVCWallHealth@@PAV1@@Z 10024610 f i healthkit.obj
 0001:00023670       ?ObjectCaps@CWallHealth@@UAEHXZ 10024670 f i healthkit.obj
 0001:00023680       _hornet                    10024680 f   hornet.obj
 0001:00023690       ?Save@CHornet@@UAEHAAVCSave@@@Z 10024690 f   hornet.obj
 0001:000236c0       ?Restore@CHornet@@UAEHAAVCRestore@@@Z 100246c0 f   hornet.obj
 0001:000236f0       ?TakeDamage@CHornet@@UAEHPAUentvars_t@@0MH@Z 100246f0 f   hornet.obj
 0001:00023720       ?Spawn@CHornet@@UAEXXZ     10024720 f   hornet.obj
 0001:00023940       ?Precache@CHornet@@UAEXXZ  10024940 f   hornet.obj
 0001:000239e0       ?IRelationship@CHornet@@UAEHPAVCBaseEntity@@@Z 100249e0 f   hornet.obj
 0001:00023a10       ?Classify@CHornet@@UAEHXZ  10024a10 f   hornet.obj
 0001:00023a40       ?StartTrack@CHornet@@QAEXXZ 10024a40 f   hornet.obj
 0001:00023a70       ?StartDart@CHornet@@QAEXXZ 10024a70 f   hornet.obj
 0001:00023aa0       ?IgniteTrail@CHornet@@QAEXXZ 10024aa0 f   hornet.obj
 0001:00023b50       ?TrackTarget@CHornet@@QAEXXZ 10024b50 f   hornet.obj
 0001:00024370       ?TrackTouch@CHornet@@QAEXPAVCBaseEntity@@@Z 10025370 f   hornet.obj
 0001:00024550       ?DartTouch@CHornet@@QAEXPAVCBaseEntity@@@Z 10025550 f   hornet.obj
 0001:00024560       ?DieTouch@CHornet@@QAEXPAVCBaseEntity@@@Z 10025560 f   hornet.obj
 0001:00024670       ?GetClassPtr@@YAPAVCHornet@@PAV1@@Z 10025670 f i hornet.obj
 0001:000246d0       _weapon_hornetgun          100256d0 f   hornetgun.obj
 0001:000246e0       ?IsUseable@CHgun@@UAEHXZ   100256e0 f   hornetgun.obj
 0001:000246f0       ?Spawn@CHgun@@UAEXXZ       100256f0 f   hornetgun.obj
 0001:00024740       ?Precache@CHgun@@UAEXXZ    10025740 f   hornetgun.obj
 0001:00024770       ?AddToPlayer@CHgun@@UAEHPAVCBasePlayer@@@Z 10025770 f   hornetgun.obj
 0001:000247f0       ?GetItemInfo@CHgun@@UAEHPAUItemInfo@@@Z 100257f0 f   hornetgun.obj
 0001:00024860       ?Deploy@CHgun@@UAEHXZ      10025860 f   hornetgun.obj
 0001:00024880       ?Holster@CHgun@@UAEXXZ     10025880 f   hornetgun.obj
 0001:000248e0       ?PrimaryAttack@CHgun@@UAEXXZ 100258e0 f   hornetgun.obj
 0001:00024b50       ?SecondaryAttack@CHgun@@UAEXXZ 10025b50 f   hornetgun.obj
 0001:00025440       ?Reload@CHgun@@UAEXXZ      10026440 f   hornetgun.obj
 0001:00025490       ?WeaponIdle@CHgun@@UAEXXZ  10026490 f   hornetgun.obj
 0001:00025550       ?GetClassPtr@@YAPAVCHgun@@PAV1@@Z 10026550 f i hornetgun.obj
 0001:000255b0       ?iItemSlot@CHgun@@UAEHXZ   100265b0 f i hornetgun.obj
 0001:000255c0       _world_items               100265c0 f   items.obj
 0001:000255d0       ?KeyValue@CWorldItem@@UAEXPAUKeyValueData_s@@@Z 100265d0 f   items.obj
 0001:00025640       ?Spawn@CWorldItem@@UAEXXZ  10026640 f   items.obj
 0001:00025720       ?Spawn@CItem@@UAEXXZ       10026720 f   items.obj
 0001:00025800       ?ItemTouch@CItem@@QAEXPAVCBaseEntity@@@Z 10026800 f   items.obj
 0001:000258a0       ?Respawn@CItem@@UAEPAVCBaseEntity@@XZ 100268a0 f   items.obj
 0001:00025910       ?Materialize@CItem@@QAEXXZ 10026910 f   items.obj
 0001:00025970       _item_suit                 10026970 f   items.obj
 0001:00025980       _item_battery              10026980 f   items.obj
 0001:00025990       _item_antidote             10026990 f   items.obj
 0001:000259a0       _item_security             100269a0 f   items.obj
 0001:000259b0       _item_longjump             100269b0 f   items.obj
 0001:000259c0       ?GetClassPtr@@YAPAVCWorldItem@@PAV1@@Z 100269c0 f i items.obj
 0001:00025a10       ?GetClassPtr@@YAPAVCItemSuit@@PAV1@@Z 10026a10 f i items.obj
 0001:00025a60       ?Spawn@CItemSuit@@EAEXXZ   10026a60 f i items.obj
 0001:00025a90       ?Precache@CItemSuit@@EAEXXZ 10026a90 f i items.obj
 0001:00025aa0       ?MyTouch@CItemSuit@@EAEHPAVCBasePlayer@@@Z 10026aa0 f i items.obj
 0001:00025b10       ?GetClassPtr@@YAPAVCItemBattery@@PAV1@@Z 10026b10 f i items.obj
 0001:00025b60       ?Spawn@CItemBattery@@EAEXXZ 10026b60 f i items.obj
 0001:00025b90       ?Precache@CItemBattery@@EAEXXZ 10026b90 f i items.obj
 0001:00025bb0       ?MyTouch@CItemBattery@@EAEHPAVCBasePlayer@@@Z 10026bb0 f i items.obj
 0001:00025d00       ?GetClassPtr@@YAPAVCItemAntidote@@PAV1@@Z 10026d00 f i items.obj
 0001:00025d50       ?Spawn@CItemAntidote@@EAEXXZ 10026d50 f i items.obj
 0001:00025d80       ?Precache@CItemAntidote@@EAEXXZ 10026d80 f i items.obj
 0001:00025d90       ?MyTouch@CItemAntidote@@EAEHPAVCBasePlayer@@@Z 10026d90 f i items.obj
 0001:00025dc0       ?GetClassPtr@@YAPAVCItemSecurity@@PAV1@@Z 10026dc0 f i items.obj
 0001:00025e10       ?Spawn@CItemSecurity@@EAEXXZ 10026e10 f i items.obj
 0001:00025e40       ?Precache@CItemSecurity@@EAEXXZ 10026e40 f i items.obj
 0001:00025e50       ?MyTouch@CItemSecurity@@EAEHPAVCBasePlayer@@@Z 10026e50 f i items.obj
 0001:00025e70       ?GetClassPtr@@YAPAVCItemLongJump@@PAV1@@Z 10026e70 f i items.obj
 0001:00025ec0       ?Spawn@CItemLongJump@@EAEXXZ 10026ec0 f i items.obj
 0001:00025ef0       ?Precache@CItemLongJump@@EAEXXZ 10026ef0 f i items.obj
 0001:00025f00       ?MyTouch@CItemLongJump@@EAEHPAVCBasePlayer@@@Z 10026f00 f i items.obj
 0001:00025f90       _light                     10026f90 f   lights.obj
 0001:00025fa0       ?Save@CLight@@UAEHAAVCSave@@@Z 10026fa0 f   lights.obj
 0001:00025fd0       ?Restore@CLight@@UAEHAAVCRestore@@@Z 10026fd0 f   lights.obj
 0001:00026000       ?KeyValue@CLight@@UAEXPAUKeyValueData_s@@@Z 10027000 f   lights.obj
 0001:00026120       ?Spawn@CLight@@UAEXXZ      10027120 f   lights.obj
 0001:000261a0       ?Use@CLight@@UAEXPAVCBaseEntity@@0W4USE_TYPE@@M@Z 100271a0 f   lights.obj
 0001:00026250       _light_spot                10027250 f   lights.obj
 0001:00026260       _light_environment         10027260 f   lights.obj
 0001:00026270       ?KeyValue@CEnvLight@@UAEXPAUKeyValueData_s@@@Z 10027270 f   lights.obj
 0001:00026430       ?Spawn@CEnvLight@@UAEXXZ   10027430 f   lights.obj
 0001:000264e0       ?GetClassPtr@@YAPAVCLight@@PAV1@@Z 100274e0 f i lights.obj
 0001:00026530       ?GetClassPtr@@YAPAVCEnvLight@@PAV1@@Z 10027530 f i lights.obj
 0001:00026580       _weapon_m4a1               10027580 f   m4a1.obj
 0001:00026590       ?Spawn@CM4A1@@UAEXXZ       10027590 f   m4a1.obj
 0001:000265d0       ?Precache@CM4A1@@UAEXXZ    100275d0 f   m4a1.obj
 0001:00026660       ?GetItemInfo@CM4A1@@UAEHPAUItemInfo@@@Z 10027660 f   m4a1.obj
 0001:000266d0       ?AddToPlayer@CM4A1@@UAEHPAVCBasePlayer@@@Z 100276d0 f   m4a1.obj
 0001:00026730       ?Deploy@CM4A1@@UAEHXZ      10027730 f   m4a1.obj
 0001:00026750       ?Holster@CM4A1@@UAEXXZ     10027750 f   m4a1.obj
 0001:00026780       ?WeaponIdle@CM4A1@@UAEXXZ  10027780 f   m4a1.obj
 0001:00026790       ?PrimaryAttack@CM4A1@@UAEXXZ 10027790 f   m4a1.obj
 0001:000269a0       ?SecondaryAttack@CM4A1@@UAEXXZ 100279a0 f   m4a1.obj
 0001:00026a00       ?Reload@CM4A1@@UAEXXZ      10027a00 f   m4a1.obj
 0001:00026a10       _ammo_m4a1                 10027a10 f   m4a1.obj
 0001:00026a20       ?GetClassPtr@@YAPAVCM4A1@@PAV1@@Z 10027a20 f i m4a1.obj
 0001:00026a70       ?iItemSlot@CM4A1@@UAEHXZ   10027a70 f i m4a1.obj
 0001:00026a80       ?GetClassPtr@@YAPAVCM4A1Ammo@@PAV1@@Z 10027a80 f i m4a1.obj
 0001:00026ad0       ?Spawn@CM4A1Ammo@@EAEXXZ   10027ad0 f i m4a1.obj
 0001:00026b00       ?Precache@CM4A1Ammo@@EAEXXZ 10027b00 f i m4a1.obj
 0001:00026b20       ?AddAmmo@CM4A1Ammo@@EAEHPAVCBaseEntity@@@Z 10027b20 f i m4a1.obj
 0001:00026b70       ?Save@CRuleEntity@@UAEHAAVCSave@@@Z 10027b70 f   maprules.obj
 0001:00026ba0       ?Restore@CRuleEntity@@UAEHAAVCRestore@@@Z 10027ba0 f   maprules.obj
 0001:00026bd0       ?Spawn@CRuleEntity@@UAEXXZ 10027bd0 f   maprules.obj
 0001:00026c00       ?KeyValue@CRuleEntity@@UAEXPAUKeyValueData_s@@@Z 10027c00 f   maprules.obj
 0001:00026c70       ?CanFireForActivator@CRuleEntity@@IAEHPAVCBaseEntity@@@Z 10027c70 f   maprules.obj
 0001:00026ca0       ?Spawn@CRulePointEntity@@UAEXXZ 10027ca0 f   maprules.obj
 0001:00026cc0       ?Spawn@CRuleBrushEntity@@UAEXXZ 10027cc0 f   maprules.obj
 0001:00026d00       _game_score                10027d00 f   maprules.obj
 0001:00026d10       ?Spawn@CGameScore@@UAEXXZ  10027d10 f   maprules.obj
 0001:00026d20       ?KeyValue@CGameScore@@UAEXPAUKeyValueData_s@@@Z 10027d20 f   maprules.obj
 0001:00026da0       ?Use@CGameScore@@UAEXPAVCBaseEntity@@0W4USE_TYPE@@M@Z 10027da0 f   maprules.obj
 0001:00026e10       _game_end                  10027e10 f   maprules.obj
 0001:00026e20       ?Use@CGameEnd@@UAEXPAVCBaseEntity@@0W4USE_TYPE@@M@Z 10027e20 f   maprules.obj
 0001:00026e40       _game_text                 10027e40 f   maprules.obj
 0001:00026e50       ?Save@CGameText@@UAEHAAVCSave@@@Z 10027e50 f   maprules.obj
[...]
 0001:00053048       ?CallCatchBlock@@YAPAXPAUEHExceptionRecord@@PAUEHRegistrationNode@@PAU_CONTEXT@@PBU_s_FuncInfo@@PAXHK@Z 10054048 f   LIBCMT:frame.obj
 0001:00053163       ?ExFilterRethrow@@YAHPAU_EXCEPTION_POINTERS@@@Z 10054163 f   LIBCMT:frame.obj
 0001:0005318d       ?BuildCatchObject@@YAXPAUEHExceptionRecord@@PAUEHRegistrationNode@@PBU_s_HandlerType@@PBU_s_CatchableType@@@Z 1005418d f   LIBCMT:frame.obj
 0001:000533b8       ?AdjustPointer@@YAPAXPAXABUPMD@@@Z 100543b8 f   LIBCMT:frame.obj
 0001:00052756       __cftoe2                   10053756 f   LIBCMT:cvt.obj
 0001:0005286d       __cftof2                   1005386d f   LIBCMT:cvt.obj
 0001:000529f8       __shift                    100539f8 f   LIBCMT:cvt.obj
 0001:00051bb4       fFMOD                      10052bb4 f   LIBCMT:87fmod.obj
 0001:00051790       _gu_return                 10052790 f   LIBCMT:exsup.obj
 0001:00051798       __unwind_handler           10052798 f   LIBCMT:exsup.obj
 0001:000515aa       ?CatchGuardHandler@@YA?AW4_EXCEPTION_DISPOSITION@@PAUEHExceptionRecord@@PAUCatchGuardRN@@PAX2@Z 100525aa f   LIBCMT:trnsctrl.obj
 0001:00051685       ?TranslatorGuardHandler@@YA?AW4_EXCEPTION_DISPOSITION@@PAUEHExceptionRecord@@PAUTranslatorGuardRN@@PAX2@Z 10052685 f   LIBCMT:trnsctrl.obj

FIXUPS: 526cb 17 3c 48 fffffbd0 41 37 1f 45 2a fffffea5 24 c ffffff30 5
FIXUPS: 52250 be5 7 fffffe0d 13 ffffffce fffffff3 ffffff89 a 14 ffffffcb
FIXUPS: 528cb 2b 28 28 2b 2a 28 2b 2e 2e 2b 40 3d fffffd9e 1d fffffedf
FIXUPS: 524db 4d 24 4b 2f 84 d75 ffffff73 6 9 2b 10 ffffff5c 1d fffffeec
FIXUPS: 530d9 d 10 55 63 fffffe73 25 a 31 fffffc0d 14 1b 25 14 10 d 10
FIXUPS: 52d2e 3d 3b 14 60 7 b63 17 2b 16 13 19 b fffffbe0 ffffff96 fffffe67
FIXUPS: 53428 9 14 a 5 5 5 29 5 5 5 d 47 10 14 11 44 9 fffffe2d 6 d 7 f1a
FIXUPS: 542db e 18 c e c 7 1f 43 24 fffff7c6 fffffec0 24 fffffba3 1b ae
FIXUPS: 536e5 2a 28 12 35 3e 76 1f f 55 18 2e b 2a 22 557 3a 78 1b e 45
FIXUPS: 53fe8 17 11 21 e 43 b b b 21 2d 14 17 b 2e 7 93 12 1c 1e 12 16
FIXUPS: 54293 12 15 9 20f 1f 16 3e e e e e e 11 7 fffffe5c 22 fffff7b5
FIXUPS: 53bf9 58 2f 2e f 8 12 b 1e 32 49 42 1f 28 a c 20 1e e66 c 15 8
FIXUPS: 54d5e 12 96 16 1c 27 17 1e 18 5e 32 37 fffff782 b 29 3b 1b fffffe70
FIXUPS: 54600 21 5 b 8 56 fffffd9f 19 1f 1b 2807 46 e a 38 39 16 14 8 fffff4dd
FIXUPS: 56279 14 1d 6 9 ffffedf3 3d 5e 133 38 fffff5df 3f 99 19 68 89 d
FIXUPS: 54aae 25 d9 bf 3b 194c 1f 2c 37 2d 17 2f f0 1a 30 15 2a a6 1f 4f
FIXUPS: 5698b 2b 6f 33 27 c 19 2b 11 29 17 49 3d 1e 23 17 60 79a 16 8 fffffe5a
FIXUPS: 572da 13 29 fffffdc4 5e 7 fffffead fffffdf4 12 1d 5 55 3c 7 2f
FIXUPS: 56f8d 15 fffff384 25 8 b 12 53 f8 e a8 32 2c 110c 41 17 1a 35 23
FIXUPS: 577cb 28 1a d 1e 24 6a 12 13 1e 24 11 17 18 c 29 1e 26 18 5c 2b
FIXUPS: 57aa1 24 fffff8ce 4f e 104b 78b fffff358 ffffff9e 16 fffffdbf 7c
FIXUPS: 57dc1 fffffd54 d 10 59 5d fffff890 2c 53 40 e 20 21 17 22 15 29
FIXUPS: 5761f 13 26 d 16 9 39 17 1c50 35 f 10 17 fffffed7 19 14 14 12 f
FIXUPS: 592d6 9 17 fffffd61 e 86 156 fffffcdf f 11 11 f f a 6e 11 c 1b
FIXUPS: 59028 fffff2fb 109 1982 16 47 53 c 22 c 21 c fffff994 14 14 17
FIXUPS: 598b8 9 9 fffffde3 16 8a 15 13 1a 14 d 11 12 16 19 fffffdf9 23
FIXUPS: 59662 13 1416 fffffb4e 71 61 ec 4a 78 76 aa e fffffb01 ffffface
FIXUPS: 59f71 20 ffffff9f 9 fffffb76 17 5c f 151 12 16 c 1d 18 a c e 17
FIXUPS: 59d36 24 123c e 8 d b 55 b8 b 44 20 b fffffd73 e 8 d b 14 b 34
FIXUPS: 5ae7f 7 9 fffffe7c d ffffff6f d 11 2f 25 fffffe0a f ffffff69 e48
FIXUPS: 5b9cc 16 fffffdef d b 31 ffffff08 16 fffffe95 12 11 a5 fffffe8f
FIXUPS: 5b569 10 16 c fffffdb5 f 10 6c fffffe10 19 12 5b e 23 1f 33 1f
FIXUPS: 5b167 123b 8 8 e b b b b b b b b b b fffff642 1a 1e 20 f 4e 16
FIXUPS: 5bb51 23 a6 eb 1c 52 1c 2a e 21 6b 41b 14 17 1f 8 8 8 8 8 7 8 8
FIXUPS: 5c2ff 8 8 8 8 8 8 b 8 8 8 8 8 8 8 8 8 8 8 8 fffffc81 11 11 11 14
FIXUPS: 5c073 11 11 14 11 11 11 14 11 11 11 14 11 11 11 14 11 11 11 17
FIXUPS: 5c1dc 14 14 17 14 14 14 216 10 d 13 b b 31 d d 50 b b 19 25 7 25
FIXUPS: 5beda 13 b 6 15 b 1f b 48 11 11 11 14 11 e 11 64b 13 b 6 34 b 3d
FIXUPS: 5c6fd 35 10 10 10 13 a e 10 10 13 10 10 10 13 10 10 59 8 8 8 8
FIXUPS: 5c8a4 8 fffffbb1 ebf 27 33 41 34 e 36 3b 41 c 61 11 34 50 18 d
FIXUPS: 5d6ee fffff200 16 b d 9 a8 31 70 18 11 8 10 8 21 b d9e 39 2f 5
FIXUPS: 5d8fd 14d 24 28 ba fffff373 41 24 29 7 f 7 18 9a 41 30 18 36 3f
FIXUPS: 5d158 46 3f 1f 1a 64 2a 30 e d19 18 96 6 a 6 1b 4b fffffb1a 17
FIXUPS: 5dc6f c 41 56 8 6 42 11 2f 12 c 6c d 24 19 18 8 78 7f 9 fffff7d2
FIXUPS: 5d770 11d8 42 1a c b 11 21 3b 1b fffffc2d 2b d 20 d d 9 fffffddd
FIXUPS: 5e50f 41 10c fffffbc5 1d 4e 19 46 1d 26 9 d 9 fffffc82 14 13b6
FIXUPS: 5f3b6 c fffff745 a 6 8 13 18 3c 32 10 24 1f 1b 16 12 fffffe34 2a
FIXUPS: 5ead7 1b fffffc0d 38 1b 6c 42 8 72 b 74 b 39 d78 fffff5d9 a 13
FIXUPS: 5ecee a 13 1c 26 b 31 b f 1c 32 b 32 b f 102 110 ca 1a 22 107 8c
FIXUPS: 5f30a 1d 40 9 d 14 8b4 47 7f 17 162 14c 96 68 5c 4f 1a7 16 1a5
FIXUPS: 5f70a 1e 2e 48 1b 3e 3e 4e 2e 13 a fffffc15 e 8 d b 9e b 13 3e2
FIXUPS: 5f9cc 6 e 6 3c c 2c c 1f d 11 f f f 24 2a 6 15 6 3a 6 15 6 26 6
FIXUPS: 5fbdc 6 16 6 16 6 e15 23 fffffdb6 86 1b 34 3d 10 54 fffffd73 10
FIXUPS: 6075d 6a fffffd4c 22 f 1c f 15 11 e 1e 23 fffff316 9 17 1c 6 f
FIXUPS: 5f951 3a 9 138e 7 17 6 e 22 2e 2b 44 1e e 9 9 a5 4f 2f 15 fffffb85
FIXUPS: 60b1e 21 7 f a ffffff18 6 8 1d 8 8 19 ffffff36 24 a63 9 9 2a 1c
FIXUPS: 614ef 15 ffffff69 ffffff37 6 8 d b 14 17 9 c 1e 22 fffffec2 fffffee7
FIXUPS: 60b7c f d 9 5 7 19 20 11 110 15 e13 19 9 3b 9 a a 33 fffffcb0 2b
FIXUPS: 618d3 1b 1b 21 1c 1f 28 28 8 11 24 25 6c 10 12 fffffba9 17 10f
FIXUPS: 617e3 fffffdab 24 ffffff98 fffa0866 2b 39 29 165 fffff064 14 1d
FIXUPS: 104a 1d 82 d b1 26 7 1c 54 42 33 609de 7 d ffffff5f b 45 c d fffffe5b
FIXUPS: 61ae1 1a 6 1d fffa229d 189 156 23b ffffdeab 5f 59 395 32 2e 138
FIXUPS: 183a 1d 13 1d d7 80 30 29 3a a 5e de 2e 3e 2d 10 10 10 33 99 23
FIXUPS: 2fd6 9e 1dc 2a3 133 45 29 3c ba 10 1b 10 1b 10 7d 11 11 18a 29
FIXUPS: 3a53 f c4 78 5c 3c 14 1d 13 1d 4f 51 45 316f ffffbb0b 97 d 2c e
FIXUPS: 2ae7 31 30 2d f f a 19 12 a 61 1d 8c 1a 52 8 1f 77 e 46 1d 13 1d
FIXUPS: 2e96 54 5d 32c0 13 1d f 17 193 31 75 54 1f 48 28 22 11 b8 a f6
FIXUPS: 691b 18 19 fe 1d 13 1d f 10 130 1a9 77 87 d 3f ffffecdf 17 1b 49
FIXUPS: 5c41 8 7 e 46 e d 1b 18 36 7 11 7 16 d 6b 8 45 7 27 7 3a 8 c2 6b
FIXUPS: 5fdf 22 1e9 fffff113 8 51 8 51 1f 18 45 7 3d 1a 8 7 f 1f 19 54
FIXUPS: 5872 32 22 35 31 29 3e 29 29 64 33 4f a c d0 ffffebb6 13 1d f a2
FIXUPS: 4892 60 20 1c 39 13 1d 13 1d 13 1d f 23a ad 55 9c 8b 31 1d 13 1d
FIXUPS: 4f56 2e 2c7 8 51 8 2936 2f 11 5a2c2 a fffa5d93 50 10 ca 2e 24 2e
FIXUPS: 7eae a 9f 38 34 21 49 a 69 11 13b 88 18 2c 1a aa 1e9 ec 204 ffffbef5
FIXUPS: 7419 32 22e 30 5a7db a fffa5833 112 2c 23 26 4b 30 68 37 11 6f
FIXUPS: 7a13 20 54 49 14 5a3c3 b a fffa5c55 2d 31 25 11 5a31f a fffa6dcc
FIXUPS: 8d77 c9 44 7a a 4b a 65 8 14 11 58 a 10 48 a 13 20 c de 76 18 129
FIXUPS: 93db 382 85 31 20 20 ffffdb41 61 5cee 59 1d 28 12 a d 19 10 12
FIXUPS: d1ea 29 1e9 2a 14a 2a ffffb39e 37 6 e 27 6a 9 8f e 40 12 2c 1f
FIXUPS: 8ba5 10 5a 3f6f 83 3d 44 53 53 120 45 25 12 a 21 20 20 26 12 a
FIXUPS: cf92 1d 12 a 21 1d 12 a 21 25 12 a 24 1c 12 ffffef22 31 128 5 49
FIXUPS: c1a7 33 e a1 65 e0 1b5 84 c0 20 5 1a 9c 5 1e 17 91 ee d 14 3c d
FIXUPS: c9d9 53 50 6b 53 ffffe64b 60 10b e 65 137 95 6d ec 3d 6e a 6e a
FIXUPS: b884 30 35 111 b 86 44 170 a 6b a 10f 4e c3 ce 27 7 b ffffe2b2
FIXUPS: a2b8 38 a 21 38 2d 24 356 a fd 34 35 d 3b a0 cc 46 8c a9 33 4d
FIXUPS: ad6e 38 1d f 30 58 b 14c 6e 158 32cf d 12 10e 52 30 3e 8c 149 e6
FIXUPS: e93a 2a d2 12d 67 ffffaf7a 11 2d1 8c 18 2e 1b 1b 52 88 35 6e a
FIXUPS: a0ed 13d 21 42 3a0e b 5 21 dc 5 6 13 3b 19 93 9c 12 81 9 99 50
FIXUPS: e0fc 32 22 31 41 76 32 16 73 8 d 20 21 13 8a ff4 20 ac 5c 7 f b
FIXUPS: f532 a 93 3d ffffe02a e 7c 43 e8 50 2a 2c b 21 b 16 8c 6b db 7d
FIXUPS: db3c a4 14 81 15 3646 1f6 8 a0 67 30 a e 2f 4c 8e 17 7 ffffd512
FIXUPS: ec91 e1 106 b1 cd 31 c 26 61 32 3a 3f a2 c1 d 82 5 46 1583 1d 12
FIXUPS: 1095c 56 73 7 13 7 44 34 39 8 22 1d 72 7 101 143 a 21 1a 117 164
FIXUPS: 110e8 1e 14 1d 13 1d 16 27 ffffefd6 2e6 1a 21 16 7 27 1f 20 d 25
FIXUPS: 10560 b 15 31 a 5a 77 f 53 24 6 3d 2f 35 43 b 7 1d 7 48 34 ffffee5c
FIXUPS: f727 ba 4b a4 48 7e 8 54 8 51 8 51 8 51 8 51 8 51 8 51 8 51 28
FIXUPS: fca6 10 1a 5d 110 74 13 288 5871 57 57 65 16 80 57 76 22 f 13 21
FIXUPS: 15ca7 1f 168 5d 59 66 45 15 f 33 f0 50 d0 83 5d 50 1d2 9 ffff91d9
FIXUPS: f6f7 5972 1e 24 cb 5b ba a 41 32 17 14 9f 54 70 35 5b 79 46 17d
FIXUPS: 15770 12 6 7 e 12 6 1f 21 97 28 22 90 ffffee4d f a 1e 1d 13 1d
FIXUPS: 14846 90 54 51 51 1c 8d 51 11 ca 31 32 5a 31 32 5a 2c a 2d a 26
FIXUPS: 14e04 102 a8 6f ffffef86 a 44 b 8 8 35 36 f 30 14 1d 13 1d 126
FIXUPS: 14292 14 14 1d 13 1d 9c 9 118 16 40 33 50 c af 59 22 ffffefc9 65
FIXUPS: 1373b 64 79 29 b1 12 4b 87 14 1d 13 1d 5f 29 2b f f f 6d d fd 8
FIXUPS: 13cf2 57 109 5f 76 26 38 f fffff0a4 8 6 f 86 15 2c 15 15 15 23
FIXUPS: 1320b 4f a 52 30 d 1d b0 4f a 50 a 30 d 1d 5d d c 3b 42 d2 fffff240
FIXUPS: 12923 3c 53 8 8 4d 1a6 1d 12 48 1b 26 d 6e 13 cd 15 29 15 15 15
FIXUPS: 12e74 32 34 20 4b 27 7 b 2c 35 ffffecfe 147 2e 138 83 50 2e 38
FIXUPS: 120cf 2e 1b 9 16f d 7f 28 46 19 13 10 14 1d 13 1d 14a 2c fd 51
FIXUPS: 1273c 51 51 a3 4e08 7c c 2f 59 2f 6e 159 1d 2f 12 3d 96 27 38 17
FIXUPS: 17c23 67 ffff9c0c 10 14 1d 13 1d 7c cc 97 51 51 48 a6 48 5048 68
FIXUPS: 16ddd 26 ff a 2f fe 2b bf 2d 20 48 5 c8 44 35 2d 2d 20 b5 30 5b
FIXUPS: 174e0 38 2c 47 1f 26 46 1f 26 27fe 1ac 2d 3f ffffdc35 128 6d 5c
FIXUPS: 17faa 1d 13 1d f 52 8a b5 ef f6 56 a8 3b 19 ffffe528 14 1d 13 1d
FIXUPS: 16a91 ab 1e 88 e4 2795 59 59 59 56 2a 234 56 3b 1a 34 73 1e 1d
FIXUPS: 199ba 1d f 1d b6 31 45 5e 62 50 33 2b 50 4a 8 22 64 28 ffffeaa6
FIXUPS: 188fd 19 14 1d 13 1d a4 d8 52 35 132 40 197 5e ab 48 19 2b 50 e
FIXUPS: 190d8 18 11 131 3a 2f 1f 41 53 13 6d 2fb8 2d 28 1e 1d 13 a 2e 27
FIXUPS: 1c4a0 1a 1c 52 22 3e 16 2a 21 10 1e 1f 14 1d 13 1d a6 b8 d ffffbe3b
FIXUPS: 18668 6e 14a 3538 a e 35 32 90 6b 47 2d 2c 16 8a b b 9 19 1d 1f
FIXUPS: 1c09a 1d 13 1d d a 1d 80 127 7 22 14 16 58 ffffef4f a 2f a 32 14
FIXUPS: 1b34c 7 a af 2d 2e a5 48 1a 15 62 88 144 db 4d 47 38 12c 57 f f
FIXUPS: 1bb97 98 e1 a e ffffe8f0 51 51 51 51 51 51 51 51 150 51 54 54 54
FIXUPS: 1ab8e 105 202 3a 3e 32 35 14 aa 1c 8 c 15 27 a8 2e 9 e8 2ab6 10
FIXUPS: 1dd3b 10 10 57 1e 34 1e 1d c 1a 14 1a 44072 b b b c fffb8218 1d
FIXUPS: 1a17a 1d a 1a4 3d 35 32 3e 14 13b 51 3544 10 10 10 10 10 10 10
FIXUPS: 1db8b 10 10 10 10 10 10 13 10 10 10 10 10 10 1a 10 10 10 10 10
FIXUPS: 1dcd8 10 10 13 fffffbfa 10 10 10 10 10 10 10 10 10 10 10 10 10
FIXUPS: 1d9e5 13 10 10 10 10 10 10 10 10 10 10 10 10 10 10 10 13 18ee b
FIXUPS: 1f3fc 18 f 72 ba 35b 32 aa ed 67 ffffdb50 12 2f 140 15 2f 33 10
FIXUPS: 1d842 10 10 10 10 10 10 10 10 10 10 13 cf0 aa 56 a 57 2b 87 38
FIXUPS: 1e867 4f 21 45 34 12 7 125 1e4 36 1b 21 81 d 20c 8 55 18 9b 7b
FIXUPS: 1f16c d3 30 165 14b0 11 99 11e 28 26 2b 7f 19 2b 12f 8c 1b ffffd168
FIXUPS: 1deda 1d 13 1d 5a b9 d8 5d a1 86 76 9f 5b b7 18 1e 56 69 1947 b
FIXUPS: 1ff09 9 72 1e f 46 b6 11 a9 a 5a 97 a 38 2d a 17 11 31 86 d 11d
FIXUPS: 2054d 20 15 8f c 1ee 29 29 e2c 53 55 b 12 12 a 3b 67 50 ca 10 dd
FIXUPS: 21a7d fffff4a4 20 ffffebb5 55 11 bf 26 80 34 39 28 8a 80 2e 26
FIXUPS: 1fec5 b 18 24d9 ffffebb5 10 55 107 1b 20 93 32 a 3d 4e 50 43 32
FIXUPS: 2136e 5b 38 a 38 a 3a a 2d a 30 a 30 a 22 81 43 6e0 78 36 a 4a
FIXUPS: 21e0e 36 a 29 a 37 a 1a cf a 34 a 4d a 2c a 3c 64 2a 1e a3 5d 65
FIXUPS: 22305 29 a 52 1120 4b 1b5 2a b 1e ffffed3d 1d 13 1d f 160 1f 37
FIXUPS: 22663 33 b5 72 7 4b 61 a 2a 1c 1d 68 25 4d 2a fffff1e3 ac 57 e2f
FIXUPS: 22b06 68 2d b c 55 13 5b 8b 68 c8 24 2c 46 14 1d 13 1d 10d 82 4b
FIXUPS: 23116 88 43 10e 6b 1d 13 1d f a8 bdd 2f 1d 13 1d f 160 1f 37 17
FIXUPS: 242c6 86 8d 62 7a 3e e 56 2a fffff365 4a c9 b2 13c 109 f c 4f ffffed40
FIXUPS: 22ab7 13 1d 1f8d e6 4f 25 7 d 14 65 38 38 47 6b a b1 a c7 58 6b
FIXUPS: 24fd6 c4 69 4f 2d 61 115 13c fc 29 ae ffffe932 2d a8 2061 36 d
FIXUPS: 2610a d 36 d 5b d 19 2f 25 12 34 12 2f 12 3f 20 2a 78 ffffe2bd
FIXUPS: 2469a 1d 13 1d 24 133 81 6b db 3f 1177 38 a 38 a 3c a 30 a 30 a
FIXUPS: 25d66 a 2d a 52 a 2d a 4d a 2d a 52 a 2d d 5b d 36 d 56 87a 66
FIXUPS: 26976 10 10 10 10 cd 5e a2 be 5e 27 13 9a 2e 92 b0 90 ffffe763
FIXUPS: 2572b 3c 13 f8 9a c4 32 32 1a 3f 71 80 14c8 51 12d 92 10 72 30
FIXUPS: 27317 f 1b b 1b b 19 b 1b 24 24 25 20 1c 2e 2e 1a fffff0f6 52 8c
FIXUPS: 26749 43 60 55 49 2308 57 2d 10 16 59 35 31 41 ffffe84a 3b 119
FIXUPS: 27742 b2 40 53 39 39 b f f a 4c 92 c dd 67 fffff43c 14 1d 13 1d
FIXUPS: 28597 13 1d 162 2e 32 3f 60 42 29 23 14 65 12 15 19 15 16 43 21
FIXUPS: 28a0b 12 12 47 14 18 12 12 1e 34 18 4a fffff310 1d 52 54 54 54
FIXUPS: 28050 74 6d 54 54 54 1f 1e 2c 38 18 50 51 49 1a 58 15 12 1d 6a
FIXUPS: 28506 14 23 12 17 14 cc6 54 54 14d 43 64 c6 3f 4a 2b 1bd 14 1e
FIXUPS: 27b7a 1d 13 1d b7 26 4b 17 b 57 2a 18 30 1a 22 10 20 14 1d 2273
FIXUPS: 2a0fc a 26 12c 3f 41 1a 32 1a 7 b c 54 2a 22 6a 10 10 10 10 ed
FIXUPS: 2a607 8c 77 89 71 ffffe8e2 14 1d 13 1d 197f aa 152 4c ffffec28
FIXUPS: 29946 65 13f 68 b5 75 35 a 3d 50 42 3a 3b 32 5b 3a 3a 3c 3e 30
FIXUPS: 29fb7 39 a 1f 48 6c b 1373 1f 1a c b6 83 4f 82 37 a c7 19 19 fe
FIXUPS: 2b940 38 16b 33 165 31 4d 1c4 49 29 1b4 ffffe7f8 d 2c 2e 3c d 5b
FIXUPS: 2ca44 8 f 34 37 7 8 2e 21 3c 8 75 89 53 ffffe098 47 4f 2a 14a 5e
FIXUPS: 2b0bf 6a a6 b 33 67 18 38 8b 30 c 24 6154 34d 306f9 e fffca2ef
FIXUPS: 2c25a 1d 13 1d 51 42 1d 13 1d f 9f 48 79 12 69 12 5f 2c ed 1ed
FIXUPS: 2c8f0 4f 8 f 4d 8 56 448b 11 d fb 57 22 38 14 1d 13 1d 30 ca 8e
FIXUPS: 31280 7 d 3b 7 11 b 7 22 d 2a 68 a2 27 1f 15 2a 7 ffffee3c 3e 82
FIXUPS: 30510 77 4d 6c ad 2a 1fd 51 34 29 d1 79 7 9 2b 11 64 7 9 2b 11
FIXUPS: 30cb1 1b 3f 4b 35 4b 35 4b ffffe8cb 8 99 12b 100 af 4e 45 1e 1a
FIXUPS: 2fba3 bf 6b bf 2d 100 96 d 7a 130 d0 e 6 63 d 2c 14 1d 13 1d d
FIXUPS: 3030d ffffec3e 33 5a c 2e 18 2b 7e d 3a cb 50 2c c 5d 22 68 c 39
FIXUPS: 2f3a5 2a c 6a b0 e 124 d 15 b c a8 8 ffffedaa e a 35 40 4a 7 11
FIXUPS: 2e5b4 7 103 10f d 37 c9 1d 13 1d f 50 51 51 51 51 5f 26e 31 51
FIXUPS: 2ee36 a 74 74 ffffec6c 42 14 1d 13 1d 2d 100 7 19 21 f 50 21 f
FIXUPS: 2df56 14 1d 13 1d 51 1f 6f 8b 38 97 40 13 45 40 5b 44 ffffec50
FIXUPS: 2d008 54 54 8 51 8 51 1f 2e5 80 17 d7 17 19 1e 1d 17 b a 14f d9
FIXUPS: 2d91c 2c 7 42 40 5b 2c 7 42 40 bf94 30 47 3d 175 7a 1f 1f 7f 71
FIXUPS: 39eaa 1c 14 1d 13 1d 4f 57 57 51 3b 21 49 38 4a 158 42 ffff2b94
FIXUPS: 2cee7 13 1d 4f bc5b 14a a a1 147 71 32 7c 11 35 2e a ca 38 a 7a
FIXUPS: 39255 16 1a5 71 a a0 67 ae 56 35 255 7d 17 1b 3a 3a ffffe491 5f
FIXUPS: 37f58 25 21 24 b 17 d4 1e e 11 19e 3e 30 83 dd 5e 6b 84 15a 12
FIXUPS: 3883b 1e 24 2b ce 15 94 34 fc 1a ffffee25 1b 128 73 24 c c c c
FIXUPS: 37ba4 c c c c c c c c c c c c c c c c c c 22 14 39 65 fffff059
FIXUPS: 36df3 a 69 f7 79 153 39 25 73 14 6 15 c 36 e1 73 f a9 10 29 d1
FIXUPS: 37632 91 b5 93 b 18 34 d1 33 e ffffe753 11 b 66 41 f 7f 9 b a 76
FIXUPS: 362d9 47 39 5b 5d 32 12 53 47 75 17 208 92 116 2bf 1d 26 20 34
FIXUPS: 36d5c 43 ffffe77c 14 28 af ef 6 67 26 5c ff a6 96 da 19 89 15 120
FIXUPS: 35cd6 57 55 39 73 1d 42 b 26 1c 19 7 a9 27 48 ffffe9a9 29 4d 29
FIXUPS: 34a97 51 3d 29 4d 29 3d 69 29 3d 39 3d 29 4a 29 29 1a0 b0 105 37
FIXUPS: 35256 57 15 165 9b a 7 41 ffffede8 2e a 2d a 2d a 25 36 34 29 10
FIXUPS: 344ad 60 3a a 2d a 3d 45 31 19 a 8f 4e 55 d9 29 3d 39 3d 29 fffff02e
FIXUPS: 339b4 b 22 7 b9 4b b 19 b5 6 2c 21 12 54 92 5c 4c ac ce 2c 2c 2c
FIXUPS: 33feb 1e 11 b 10a b0 ca 37 12 ffffe86f b 21 23 2e 102 141 c7 2d
FIXUPS: 32fd8 19f 113 2f 7c a 57 32 38 69 32 50 3a 164 39 b 23 ea 6f c9
FIXUPS: 3393c 7 10 ffffe6db 28 21 20 23 23 23 6b 13 73 35 5d 7b d5 68 1f
FIXUPS: 324c3 2e 128 d 16 f 6 e 9 ac f6 187 30 7d 52 96 7da5 92 41 39 39
FIXUPS: 3aa1b f f a 26 79 3a 5e fc ed 67 ffff6b9c 4c 36 1b 238 17 19 d7
FIXUPS: 31d47 1e 17 d5 8d 19 e9 28 9dd8 a 30 a 30 a 2e f 5 11 4a a 32 a
FIXUPS: 3bf82 27 45 1a 5c d5 12 b2 11 18 1bd 78 ffffe0fb 10 84 a1 c7 12b
FIXUPS: 3b789 11 b 5 20 45 a 33 a 50 35 33 a 35 a 13 2b 14 6a 28 7c 10
FIXUPS: 3bb02 a 9e 6f 12 b6 f 3d 3a 3a fffff1d9 1d 13 1d d 10 e5 d 41 d6
FIXUPS: 3b1fc 86 d1 31 31 51 43 59 a 77 1c 9e 35 a 2d a 68 45 a 33 a 2d
FIXUPS: 3c71f 1a 2c 176 29 29 19 14 1d 13 1d 30 13 77 4c 260 92 90 53 15
FIXUPS: 3cf61 7b 205 ffffdc05 10 14 1d 13 1d d 8d 75 332b 30 a 2d a 1f
FIXUPS: 3e369 23 15 d 34 b 12 12 1f b 12 12 a 26 1bf 6f 5b c2 bc ed 67
FIXUPS: 3c486 19 8a d ed 1876 a 39 a 2d a 30 a 30 a 1f 3a a 3f a 3c a 35
FIXUPS: 3e0c2 30 a 30 a 50 a 38 a 38 a 39 a 30 fffff623 a 30 a 30 a 25
FIXUPS: 3d995 48 51 b 12 12 1f b 12 12 a 26 12b 32 a 3d 4e 51 43 32 32
FIXUPS: 3de15 a 38 a 36b9 1d 13 1d 1f8 2f 16a ffffd4b1 fffffc61 ffffe8cc
FIXUPS: 3d2ea 1d 13 1d 3a a9 d8 be 32 a 3d 4e 4e 3a 32 32 5b 3a 38 a 39
FIXUPS: 3d87d 2cfe 36 2d 24 36 a9 44 a3 53 b4 16 e8 60 43 56 52 dc 6e 70
FIXUPS: 40df7 30 2d 17 20 29 76 52 181 2ed 6c 50 60 ffffe30b 70 70 83 83
FIXUPS: 3fa6b 83 83 61 74 69 69 4e 14 1d 13 1d 4c 4b 2d 3a 70 d9 68 50
FIXUPS: 40128 193 d2 79 de 36 36 2d7a 60 6f ffffec62 93 fffff9b8 ab 6c
FIXUPS: 41b7f f a 1a c9 9d 37 ffffd0a7 14 1d 13 1d 15d 55 16d 1ff 3f 232
FIXUPS: 3f604 a9 61 a 2b 79 309d 9a a ba 32 15e 47 135 1d 1c b 13 21 23
FIXUPS: 42df8 36 25 23 28 38 34 83 d6 28 9f 3c 3d 37 3a 37 18 47 ffffee70
FIXUPS: 42137 20 15 bd d e1 22 da 18 1e 10 19 21 7 b 20 2e 24 11 ac a 16d
FIXUPS: 42755 e 10 b 2f 57 18 e 11 ea5 6a a 66 1d 13 1d 4f a7 c9 3d 10c
FIXUPS: 43b84 cd 8d 2c 1d 13 1d 4f 51 a6 1c 62 c4 65 d 6a 2c7 ffffdd54
FIXUPS: 420ea 1d 274e 24 1a 21 12c ae 8b b 4a b 37 1a 59 b 13 b e1 2f 7
FIXUPS: 44dcc 70 117 c2 be 63 4a 5a 1c ffffe420 10 10 10 51a5 19c e 15
FIXUPS: 489ba 1d 7 c a3 10b a 5a 28 6d 32 2d a ffffb7bd 45 55 1f 11 1e
FIXUPS: 4468b 87 a 35 2b 11 9 3a 7 379a 39 67 7a 1b e 52 14 1d 13 1d 6e
FIXUPS: 48213 33 14 1d 13 1d bf a3 51 1c 2f 78 4d 7 1e e0 d6 29 12 2a ffffee11
FIXUPS: 47680 1e 5b 7c 5a 11 18 3b 1a734 a fffe5942 3c 77 10 d0 10 4a 4a
FIXUPS: 47b7a 63 2d cb e2 8f e 22 10 34 27 22 23 ffffeaa9 15 b 8 39 9f
FIXUPS: 46ae6 ea 8 1e 40 70 53 6 17 14 1d 13 1d 1ba 1f c8 10e 76 2f 4a
FIXUPS: 4724f c d ef 134 f0 ffffea5d 45 6 d 16 52 79 7e 1e 6 6 1b 7b 81
FIXUPS: 46308 40 86 46 38 3e 38 32 21 6c 1d 1ea 2e 27 19 12 91 46 ffffedf7
FIXUPS: 456ea 1d 13 1d 58 2e 21 18b 22 48 35 98 14 42 100 42 be 57 8 51
FIXUPS: 45dc5 11 10 12 a 40 37 cd 20 b 10 4630 7d 32 17 60 8b 1f ffffaac5
FIXUPS: 4525a 1d 13 1d d1 3e 14 1d 13 1d a1 49 50 13 12 10 14 1d 13 1d
FIXUPS: 45638 49 2a 12 45bb a 24 42 1e 71 26 42 44 8e 35 26 2a 9d 14 1a
FIXUPS: 4a02b b 3d f0 1e 86 20 d2 11 1c 65 55 2c a3 99 5f 363a 20 18 20
FIXUPS: 4dce8 39 3b ffffb8aa 14 1d 13 1d 6b 4c d 9a 23 1b 101 63 34 3e
FIXUPS: 49a0e 17 71 7 23 3f 1e 55 4d 49 38a3 14 12 12 12 b1 e 4b d 1d 2d
FIXUPS: 4d664 123 130 1e 1f 1d 12 e f 112 16 7 e e 13 8b 39 33 e b 10 fffff2c9
FIXUPS: 4cea8 33 2f 60 2e 25 28 d 6d 9 32 8b 48 37 59 20 2a 6b 5a 30 3b
FIXUPS: 4d3a2 15 15 58 13 d 7 8 34 12 ffffe4cf 109 a a a 187 e ec 147 b1
FIXUPS: 4c067 27 19 2eb 48 5d a9 1c2 22 3d af ca 35 dd f4 143 23 1f 13d
FIXUPS: 4ce20 23 24 ffffe1f8 7f 14 3f 84 94 3e 16 16 12 b b e8 1b b 49
FIXUPS: 4b441 74 18 85 1a 1a 25 54 3a 46 f 1f2 20 20 20 7a 35b7 93 239
FIXUPS: 4f29f d 4d 66 115 34 8e 14 1d 13 1d 2f 19 72 5e 68 95 11 1e ea
FIXUPS: 4f8ee 3f ffffb140 3a 3a9 20 1a 1c 60 3415 a a a a a a a 1d 11c
FIXUPS: 4e4b7 13 1d 13 1d 13 1d e2 43 9f 1e 36 39 3c 7b c3 43 f 3a7 3a
FIXUPS: 4ed5e 18b fffff012 3a 15 41 85 7 11 7 b5 10a 16 42 a a a a a a
FIXUPS: 4e28c a a a a a a a a d a a a a 20e6 11b8d a fffee4a4 21 11 11b40
FIXUPS: 61fae fffee4d8 20 86 8 c 2c 5 5 5 5 4a 119 1b f 1d 1e 89 1d9 5a
FIXUPS: 50a76 af 68 65 b4 1097 4b 14 8b b1 6e 17b ffffdaf0 15 10 10b 14f
FIXUPS: 4fe84 a2 fe 14 1c e7 9b 20 10 34 30 30 18 34 28 28 59 11 2f 17
FIXUPS: 513a4 c2 14 1d 13 1d 8f c da 46 d4 16 59 40 12f 23 26 16 35 4a
FIXUPS: 51a91 35 10 10 10 1e 43 2d 43 1a c7 43 fffff0ff 1d 13 1d 13 25
FIXUPS: 50e86 14 1d 13 1d 85 c 7a 1c f f f cb 36 22 7 12 7 4e 1d 30 2d
FIXUPS: 512af 55 52 40
